Archive member included to satisfy reference by file (symbol)

/usr/lib/gcc/arm-none-eabi/9.2.1/thumb/v6-m/nofp/libgcc.a(_dvmd_tls.o)
                              CMakeFiles/autocar.dir/home/medx/Documentos/embeddedsystems/endproject/pico-sdk/src/rp2_common/pico_divider/divider_hardware.S.o (__aeabi_idiv0)
/usr/lib/gcc/arm-none-eabi/9.2.1/../../../arm-none-eabi/lib/thumb/v6-m/nofp/libg.a(lib_a-atexit.o)
                              /usr/lib/gcc/arm-none-eabi/9.2.1/../../../arm-none-eabi/lib/thumb/v6-m/nofp/crt0.o (atexit)
/usr/lib/gcc/arm-none-eabi/9.2.1/../../../arm-none-eabi/lib/thumb/v6-m/nofp/libg.a(lib_a-calloc.o)
                              CMakeFiles/autocar.dir/home/medx/Documentos/embeddedsystems/endproject/pico-sdk/src/rp2_common/pico_malloc/malloc.c.o (calloc)
/usr/lib/gcc/arm-none-eabi/9.2.1/../../../arm-none-eabi/lib/thumb/v6-m/nofp/libg.a(lib_a-callocr.o)
                              /usr/lib/gcc/arm-none-eabi/9.2.1/../../../arm-none-eabi/lib/thumb/v6-m/nofp/libg.a(lib_a-calloc.o) (_calloc_r)
/usr/lib/gcc/arm-none-eabi/9.2.1/../../../arm-none-eabi/lib/thumb/v6-m/nofp/libg.a(lib_a-fini.o)
                              /usr/lib/gcc/arm-none-eabi/9.2.1/../../../arm-none-eabi/lib/thumb/v6-m/nofp/crt0.o (__libc_fini_array)
/usr/lib/gcc/arm-none-eabi/9.2.1/../../../arm-none-eabi/lib/thumb/v6-m/nofp/libg.a(lib_a-impure.o)
                              /usr/lib/gcc/arm-none-eabi/9.2.1/../../../arm-none-eabi/lib/thumb/v6-m/nofp/libg.a(lib_a-calloc.o) (_impure_ptr)
/usr/lib/gcc/arm-none-eabi/9.2.1/../../../arm-none-eabi/lib/thumb/v6-m/nofp/libg.a(lib_a-init.o)
                              /usr/lib/gcc/arm-none-eabi/9.2.1/../../../arm-none-eabi/lib/thumb/v6-m/nofp/crt0.o (__libc_init_array)
/usr/lib/gcc/arm-none-eabi/9.2.1/../../../arm-none-eabi/lib/thumb/v6-m/nofp/libg.a(lib_a-lcltime_r.o)
                              CMakeFiles/autocar.dir/home/medx/Documentos/embeddedsystems/endproject/pico-sdk/src/common/pico_util/datetime.c.o (localtime_r)
/usr/lib/gcc/arm-none-eabi/9.2.1/../../../arm-none-eabi/lib/thumb/v6-m/nofp/libg.a(lib_a-malloc.o)
                              CMakeFiles/autocar.dir/home/medx/Documentos/embeddedsystems/endproject/pico-sdk/src/rp2_common/pico_malloc/malloc.c.o (malloc)
/usr/lib/gcc/arm-none-eabi/9.2.1/../../../arm-none-eabi/lib/thumb/v6-m/nofp/libg.a(lib_a-mallocr.o)
                              /usr/lib/gcc/arm-none-eabi/9.2.1/../../../arm-none-eabi/lib/thumb/v6-m/nofp/libg.a(lib_a-callocr.o) (_malloc_r)
/usr/lib/gcc/arm-none-eabi/9.2.1/../../../arm-none-eabi/lib/thumb/v6-m/nofp/libg.a(lib_a-memcmp.o)
                              CMakeFiles/autocar.dir/home/medx/Documentos/embeddedsystems/endproject/pico-sdk/src/rp2_common/pico_atomic/atomic.c.o (memcmp)
/usr/lib/gcc/arm-none-eabi/9.2.1/../../../arm-none-eabi/lib/thumb/v6-m/nofp/libg.a(lib_a-mktime.o)
                              CMakeFiles/autocar.dir/home/medx/Documentos/embeddedsystems/endproject/pico-sdk/src/common/pico_util/datetime.c.o (mktime)
/usr/lib/gcc/arm-none-eabi/9.2.1/../../../arm-none-eabi/lib/thumb/v6-m/nofp/libg.a(lib_a-mlock.o)
                              /usr/lib/gcc/arm-none-eabi/9.2.1/../../../arm-none-eabi/lib/thumb/v6-m/nofp/libg.a(lib_a-mallocr.o) (__malloc_lock)
/usr/lib/gcc/arm-none-eabi/9.2.1/../../../arm-none-eabi/lib/thumb/v6-m/nofp/libg.a(lib_a-month_lengths.o)
                              /usr/lib/gcc/arm-none-eabi/9.2.1/../../../arm-none-eabi/lib/thumb/v6-m/nofp/libg.a(lib_a-lcltime_r.o) (__month_lengths)
/usr/lib/gcc/arm-none-eabi/9.2.1/../../../arm-none-eabi/lib/thumb/v6-m/nofp/libg.a(lib_a-realloc.o)
                              CMakeFiles/autocar.dir/home/medx/Documentos/embeddedsystems/endproject/pico-sdk/src/rp2_common/pico_malloc/malloc.c.o (realloc)
/usr/lib/gcc/arm-none-eabi/9.2.1/../../../arm-none-eabi/lib/thumb/v6-m/nofp/libg.a(lib_a-reallocr.o)
                              /usr/lib/gcc/arm-none-eabi/9.2.1/../../../arm-none-eabi/lib/thumb/v6-m/nofp/libg.a(lib_a-realloc.o) (_realloc_r)
/usr/lib/gcc/arm-none-eabi/9.2.1/../../../arm-none-eabi/lib/thumb/v6-m/nofp/libg.a(lib_a-sbrkr.o)
                              /usr/lib/gcc/arm-none-eabi/9.2.1/../../../arm-none-eabi/lib/thumb/v6-m/nofp/libg.a(lib_a-mallocr.o) (_sbrk_r)
/usr/lib/gcc/arm-none-eabi/9.2.1/../../../arm-none-eabi/lib/thumb/v6-m/nofp/libg.a(lib_a-strlen-stub.o)
                              CMakeFiles/autocar.dir/home/medx/Documentos/embeddedsystems/endproject/pico-sdk/src/rp2_common/pico_stdio/stdio.c.o (strlen)
/usr/lib/gcc/arm-none-eabi/9.2.1/../../../arm-none-eabi/lib/thumb/v6-m/nofp/libg.a(lib_a-tzcalc_limits.o)
                              /usr/lib/gcc/arm-none-eabi/9.2.1/../../../arm-none-eabi/lib/thumb/v6-m/nofp/libg.a(lib_a-lcltime_r.o) (__tzcalc_limits)
/usr/lib/gcc/arm-none-eabi/9.2.1/../../../arm-none-eabi/lib/thumb/v6-m/nofp/libg.a(lib_a-tzlock.o)
                              /usr/lib/gcc/arm-none-eabi/9.2.1/../../../arm-none-eabi/lib/thumb/v6-m/nofp/libg.a(lib_a-lcltime_r.o) (__tz_lock)
[...]
Memory Configuration

Name             Origin             Length             Attributes
FLASH            0x0000000010000000 0x0000000000200000 xr
RAM              0x0000000020000000 0x0000000000040000 xrw
SCRATCH_X        0x0000000020040000 0x0000000000001000 xrw
SCRATCH_Y        0x0000000020041000 0x0000000000001000 xrw
*default*        0x0000000000000000 0xffffffffffffffff

Linker script and memory map

LOAD /usr/lib/gcc/arm-none-eabi/9.2.1/thumb/v6-m/nofp/crti.o
LOAD /usr/lib/gcc/arm-none-eabi/9.2.1/thumb/v6-m/nofp/crtbegin.o
LOAD /usr/lib/gcc/arm-none-eabi/9.2.1/../../../arm-none-eabi/lib/thumb/v6-m/nofp/crt0.o

.flash_begin    0x0000000010000000        0x0
                0x0000000010000000                __flash_binary_start = .

.boot2          0x0000000010000000      0x100
                0x0000000010000000                __boot2_start__ = .
 *(.boot2)
 .boot2         0x0000000010000000      0x100 pico-sdk/src/rp2040/boot_stage2/CMakeFiles/bs2_default_library.dir/bs2_default_padded_checksummed.S.o
                0x0000000010000100                __boot2_end__ = .
                0x0000000000000001                ASSERT (((__boot2_end__ - __boot2_start__) == 0x100), ERROR: Pico second stage bootloader must be 256 bytes in size)

.text           0x0000000010000100     0xb5c0
                0x0000000010000100                __logical_binary_start = .
 *(.vectors)
 .vectors       0x0000000010000100       0xd4 CMakeFiles/autocar.dir/home/medx/Documentos/embeddedsystems/endproject/pico-sdk/src/rp2_common/pico_crt0/crt0.S.o
                0x0000000010000100                __vectors
                0x0000000010000100                __VECTOR_TABLE
                0x00000000100001c0                isr_irq30
                0x00000000100001c0                __unhandled_user_irq
                0x00000000100001c0                isr_irq13
                0x00000000100001c0                isr_irq27
                0x00000000100001c0                isr_irq31
                0x00000000100001c0                isr_irq5
                0x00000000100001c0                isr_irq11
                0x00000000100001c0                isr_irq23
                0x00000000100001c0                isr_irq18
                0x00000000100001c0                isr_irq28
                0x00000000100001c0                isr_irq19
                0x00000000100001c0                isr_irq0
                0x00000000100001c0                isr_irq6
                0x00000000100001c0                isr_irq22
                0x00000000100001c0                isr_irq17
                0x00000000100001c0                isr_irq14
                0x00000000100001c0                __vectors_end
                0x00000000100001c0                __default_isrs_start
                0x00000000100001c0                isr_irq2
                0x00000000100001c0                isr_irq10
                0x00000000100001c0                isr_irq8
                0x00000000100001c0                isr_irq24
                0x00000000100001c0                isr_irq1
                0x00000000100001c0                isr_irq7
                0x00000000100001c0                isr_irq21
                0x00000000100001c0                isr_irq20
                0x00000000100001c0                isr_irq15
                0x00000000100001c0                isr_irq25
                0x00000000100001c0                isr_irq4
                0x00000000100001c0                isr_irq16
                0x00000000100001c0                isr_irq29
                0x00000000100001c0                isr_irq26
                0x00000000100001c0                isr_irq3
                0x00000000100001c0                isr_irq12
                0x00000000100001c0                isr_irq9
                0x00000000100001c6                unhandled_user_irq_num_in_r0
                0x00000000100001c8                isr_invalid
                0x00000000100001ca                isr_nmi
                0x00000000100001cc                isr_hardfault
                0x00000000100001ce                isr_svcall
                0x00000000100001d0                isr_pendsv
                0x00000000100001d2                isr_systick
                0x00000000100001d4                __default_isrs_end
 *(.binary_info_header)
 .binary_info_header
                0x00000000100001d4       0x14 CMakeFiles/autocar.dir/home/medx/Documentos/embeddedsystems/endproject/pico-sdk/src/rp2_common/pico_crt0/crt0.S.o
                0x00000000100001e8                __binary_info_header_end = .
 *(.embedded_block)
                0x00000000100001e8                __embedded_block_end = .
 *(.reset)
 .reset         0x00000000100001e8       0x9c CMakeFiles/autocar.dir/home/medx/Documentos/embeddedsystems/endproject/pico-sdk/src/rp2_common/pico_crt0/crt0.S.o
                0x00000000100001e8                _entry_point
 *(.init)
 .init          0x0000000010000284        0x4 /usr/lib/gcc/arm-none-eabi/9.2.1/thumb/v6-m/nofp/crti.o
                0x0000000010000284                _init
 *(EXCLUDE_FILE(*libm.a: *libc.a:*lib_a-mem*.o *libgcc.a:) .text*)
 .text          0x0000000010000288       0x98 /usr/lib/gcc/arm-none-eabi/9.2.1/thumb/v6-m/nofp/crtbegin.o
 .text.startup.main
                0x0000000010000320       0x50 CMakeFiles/autocar.dir/src/main.c.o
                0x0000000010000320                main
 .text.vMotorControlTask
                0x0000000010000370      0x168 CMakeFiles/autocar.dir/src/motor_control.c.o
                0x0000000010000370                vMotorControlTask
 .text.motor_control_init
                0x00000000100004d8       0xb8 CMakeFiles/autocar.dir/src/motor_control.c.o
                0x00000000100004d8                motor_control_init
 .text.motor_set_speed
                0x0000000010000590       0x24 CMakeFiles/autocar.dir/src/motor_control.c.o
                0x0000000010000590                motor_set_speed
 .text.vStartMotorControlTask
                0x00000000100005b4       0x3c CMakeFiles/autocar.dir/src/motor_control.c.o
                0x00000000100005b4                vStartMotorControlTask
 .text.vUltrasonicTask
                0x00000000100005f0       0xfc CMakeFiles/autocar.dir/src/ultrasonic_task.c.o
                0x00000000100005f0                vUltrasonicTask
 .text.vStartUltrasonicTask
                0x00000000100006ec       0x60 CMakeFiles/autocar.dir/src/ultrasonic_task.c.o
                0x00000000100006ec                vStartUltrasonicTask
 .text.ultrasonic_get_distance_cm
                0x000000001000074c       0x38 CMakeFiles/autocar.dir/src/ultrasonic_task.c.o
                0x000000001000074c                ultrasonic_get_distance_cm
 .text.vTaskTest
                0x0000000010000784      0x2d4 CMakeFiles/autocar.dir/src/vTaskTest.c.o
                0x0000000010000784                vTaskTest
 .text.vEncoderTask
                0x0000000010000a58      0x1a4 CMakeFiles/autocar.dir/src/encoder_task.c.o
                0x0000000010000a58                vEncoderTask
 .text.gpio_callback
                0x0000000010000bfc       0x30 CMakeFiles/autocar.dir/src/encoder_task.c.o
                0x0000000010000bfc                gpio_callback
 .text.vStartEncoderTask
                0x0000000010000c2c       0x88 CMakeFiles/autocar.dir/src/encoder_task.c.o
                0x0000000010000c2c                vStartEncoderTask
 .text.encoder_get_odometry
                0x0000000010000cb4       0x3c CMakeFiles/autocar.dir/src/encoder_task.c.o
                0x0000000010000cb4                encoder_get_odometry
 .text.gpio_default_irq_handler
                0x0000000010000cf0      0x274 CMakeFiles/autocar.dir/home/medx/Documentos/embeddedsystems/endproject/pico-sdk/src/rp2_common/hardware_gpio/gpio.c.o
 .text.gpio_set_function
                0x0000000010000f64       0x34 CMakeFiles/autocar.dir/home/medx/Documentos/embeddedsystems/endproject/pico-sdk/src/rp2_common/hardware_gpio/gpio.c.o
                0x0000000010000f64                gpio_set_function
 .text.gpio_set_pulls
                0x0000000010000f98       0x34 CMakeFiles/autocar.dir/home/medx/Documentos/embeddedsystems/endproject/pico-sdk/src/rp2_common/hardware_gpio/gpio.c.o
                0x0000000010000f98                gpio_set_pulls
 .text.gpio_set_irq_enabled_with_callback
                0x0000000010000fcc       0xd0 CMakeFiles/autocar.dir/home/medx/Documentos/embeddedsystems/endproject/pico-sdk/src/rp2_common/hardware_gpio/gpio.c.o
                0x0000000010000fcc                gpio_set_irq_enabled_with_callback
 .text.gpio_init
                0x000000001000109c       0x40 CMakeFiles/autocar.dir/home/medx/Documentos/embeddedsystems/endproject/pico-sdk/src/rp2_common/hardware_gpio/gpio.c.o
                0x000000001000109c                gpio_init
 .text.rp2040_chip_version
                0x00000000100010dc        0xc CMakeFiles/autocar.dir/home/medx/Documentos/embeddedsystems/endproject/pico-sdk/src/rp2040/pico_platform/platform.c.o
                0x00000000100010dc                rp2040_chip_version
 .text.panic    0x00000000100010e8       0x30 CMakeFiles/autocar.dir/home/medx/Documentos/embeddedsystems/endproject/pico-sdk/src/rp2_common/pico_platform_panic/panic.c.o
                0x00000000100010e8                panic
 .text.panic_unsupported
                0x0000000010001118        0xc CMakeFiles/autocar.dir/home/medx/Documentos/embeddedsystems/endproject/pico-sdk/src/rp2_common/pico_platform_panic/panic.c.o
                0x0000000010001118                panic_unsupported
 .text.hw_claim_or_assert
                0x0000000010001124       0x48 CMakeFiles/autocar.dir/home/medx/Documentos/embeddedsystems/endproject/pico-sdk/src/common/hardware_claim/claim.c.o
                0x0000000010001124                hw_claim_or_assert
 .text.hw_claim_unused_from_range
                0x000000001000116c       0x9c CMakeFiles/autocar.dir/home/medx/Documentos/embeddedsystems/endproject/pico-sdk/src/common/hardware_claim/claim.c.o
                0x000000001000116c                hw_claim_unused_from_range
 .text.next_striped_spin_lock_num
                0x0000000010001208       0x18 CMakeFiles/autocar.dir/home/medx/Documentos/embeddedsystems/endproject/pico-sdk/src/rp2_common/hardware_sync/sync.c.o
                0x0000000010001208                next_striped_spin_lock_num
 .text.spin_lock_claim
                0x0000000010001220       0x18 CMakeFiles/autocar.dir/home/medx/Documentos/embeddedsystems/endproject/pico-sdk/src/rp2_common/hardware_sync/sync.c.o
                0x0000000010001220                spin_lock_claim
 .text.spin_lock_claim_unused
                0x0000000010001238       0x20 CMakeFiles/autocar.dir/home/medx/Documentos/embeddedsystems/endproject/pico-sdk/src/rp2_common/hardware_sync/sync.c.o
                0x0000000010001238                spin_lock_claim_unused
 .text.spin_locks_reset
                0x0000000010001258       0x1c CMakeFiles/autocar.dir/home/medx/Documentos/embeddedsystems/endproject/pico-sdk/src/rp2_common/hardware_sync_spin_lock/sync_spin_lock.c.o
                0x0000000010001258                spin_locks_reset
 .text.runtime_init_per_core_irq_priorities
                0x0000000010001274       0x24 CMakeFiles/autocar.dir/home/medx/Documentos/embeddedsystems/endproject/pico-sdk/src/rp2_common/hardware_irq/irq.c.o
                0x0000000010001274                runtime_init_per_core_irq_priorities
 .text.irq_set_enabled
                0x0000000010001298       0x24 CMakeFiles/autocar.dir/home/medx/Documentos/embeddedsystems/endproject/pico-sdk/src/rp2_common/hardware_irq/irq.c.o
                0x0000000010001298                irq_set_enabled
 .text.irq_is_enabled
                0x00000000100012bc       0x18 CMakeFiles/autocar.dir/home/medx/Documentos/embeddedsystems/endproject/pico-sdk/src/rp2_common/hardware_irq/irq.c.o
                0x00000000100012bc                irq_is_enabled
 .text.irq_set_pending
                0x00000000100012d4       0x10 CMakeFiles/autocar.dir/home/medx/Documentos/embeddedsystems/endproject/pico-sdk/src/rp2_common/hardware_irq/irq.c.o
                0x00000000100012d4                irq_set_pending
 .text.irq_has_shared_handler
                0x00000000100012e4       0x24 CMakeFiles/autocar.dir/home/medx/Documentos/embeddedsystems/endproject/pico-sdk/src/rp2_common/hardware_irq/irq.c.o
                0x00000000100012e4                irq_has_shared_handler
 .text.irq_set_exclusive_handler
                0x0000000010001308       0x54 CMakeFiles/autocar.dir/home/medx/Documentos/embeddedsystems/endproject/pico-sdk/src/rp2_common/hardware_irq/irq.c.o
                0x0000000010001308                irq_set_exclusive_handler
 .text.irq_add_shared_handler
                0x000000001000135c      0x1c4 CMakeFiles/autocar.dir/home/medx/Documentos/embeddedsystems/endproject/pico-sdk/src/rp2_common/hardware_irq/irq.c.o
                0x000000001000135c                irq_add_shared_handler
 .text.irq_remove_handler
                0x0000000010001520      0x1c4 CMakeFiles/autocar.dir/home/medx/Documentos/embeddedsystems/endproject/pico-sdk/src/rp2_common/hardware_irq/irq.c.o
                0x0000000010001520                irq_remove_handler
 .text.irq_set_priority
                0x00000000100016e4       0x28 CMakeFiles/autocar.dir/home/medx/Documentos/embeddedsystems/endproject/pico-sdk/src/rp2_common/hardware_irq/irq.c.o
                0x00000000100016e4                irq_set_priority
 .text.irq_add_tail_to_free_list
                0x000000001000170c       0xb4 CMakeFiles/autocar.dir/home/medx/Documentos/embeddedsystems/endproject/pico-sdk/src/rp2_common/hardware_irq/irq.c.o
                0x000000001000170c                irq_add_tail_to_free_list
 .text.user_irq_claim_unused
                0x00000000100017c0       0x28 CMakeFiles/autocar.dir/home/medx/Documentos/embeddedsystems/endproject/pico-sdk/src/rp2_common/hardware_irq/irq.c.o
                0x00000000100017c0                user_irq_claim_unused
 .text.lock_init
                0x00000000100017e8       0x10 CMakeFiles/autocar.dir/home/medx/Documentos/embeddedsystems/endproject/pico-sdk/src/common/pico_sync/lock_core.c.o
                0x00000000100017e8                lock_init
 .text.runtime_init_mutex
                0x00000000100017f8       0x68 CMakeFiles/autocar.dir/home/medx/Documentos/embeddedsystems/endproject/pico-sdk/src/common/pico_sync/mutex.c.o
                0x00000000100017f8                runtime_init_mutex
 .text.mutex_init
                0x0000000010001860       0x1c CMakeFiles/autocar.dir/home/medx/Documentos/embeddedsystems/endproject/pico-sdk/src/common/pico_sync/mutex.c.o
                0x0000000010001860                mutex_init
 .text.critical_section_init
                0x000000001000187c       0x1c CMakeFiles/autocar.dir/home/medx/Documentos/embeddedsystems/endproject/pico-sdk/src/common/pico_sync/critical_section.c.o
                0x000000001000187c                critical_section_init
 .text.critical_section_init_with_lock_num
                0x0000000010001898       0x14 CMakeFiles/autocar.dir/home/medx/Documentos/embeddedsystems/endproject/pico-sdk/src/common/pico_sync/critical_section.c.o
                0x0000000010001898                critical_section_init_with_lock_num
 .text.alarm_pool_irq_handler
                0x00000000100018ac      0x308 CMakeFiles/autocar.dir/home/medx/Documentos/embeddedsystems/endproject/pico-sdk/src/common/pico_time/time.c.o
 .text.sleep_until_callback
                0x0000000010001bb4       0x24 CMakeFiles/autocar.dir/home/medx/Documentos/embeddedsystems/endproject/pico-sdk/src/common/pico_time/time.c.o
 .text.runtime_init_default_alarm_pool
                0x0000000010001bd8       0xdc CMakeFiles/autocar.dir/home/medx/Documentos/embeddedsystems/endproject/pico-sdk/src/common/pico_time/time.c.o
                0x0000000010001bd8                runtime_init_default_alarm_pool
 .text.alarm_pool_get_default
                0x0000000010001cb4        0x8 CMakeFiles/autocar.dir/home/medx/Documentos/embeddedsystems/endproject/pico-sdk/src/common/pico_time/time.c.o
                0x0000000010001cb4                alarm_pool_get_default
 .text.alarm_pool_add_alarm_at
                0x0000000010001cbc       0xc8 CMakeFiles/autocar.dir/home/medx/Documentos/embeddedsystems/endproject/pico-sdk/src/common/pico_time/time.c.o
                0x0000000010001cbc                alarm_pool_add_alarm_at
 .text.alarm_pool_add_alarm_at_force_in_context
                0x0000000010001d84       0xa8 CMakeFiles/autocar.dir/home/medx/Documentos/embeddedsystems/endproject/pico-sdk/src/common/pico_time/time.c.o
                0x0000000010001d84                alarm_pool_add_alarm_at_force_in_context
 .text.alarm_pool_cancel_alarm
                0x0000000010001e2c       0x7c CMakeFiles/autocar.dir/home/medx/Documentos/embeddedsystems/endproject/pico-sdk/src/common/pico_time/time.c.o
                0x0000000010001e2c                alarm_pool_cancel_alarm
 .text.alarm_pool_core_num
                0x0000000010001ea8        0x4 CMakeFiles/autocar.dir/home/medx/Documentos/embeddedsystems/endproject/pico-sdk/src/common/pico_time/time.c.o
                0x0000000010001ea8                alarm_pool_core_num
 .text.sleep_until
                0x0000000010001eac       0xcc CMakeFiles/autocar.dir/home/medx/Documentos/embeddedsystems/endproject/pico-sdk/src/common/pico_time/time.c.o
                0x0000000010001eac                sleep_until
 .text.sleep_us
                0x0000000010001f78       0x24 CMakeFiles/autocar.dir/home/medx/Documentos/embeddedsystems/endproject/pico-sdk/src/common/pico_time/time.c.o
                0x0000000010001f78                sleep_us
 .text.best_effort_wfe_or_timeout
                0x0000000010001f9c       0xfc CMakeFiles/autocar.dir/home/medx/Documentos/embeddedsystems/endproject/pico-sdk/src/common/pico_time/time.c.o
                0x0000000010001f9c                best_effort_wfe_or_timeout
 .text.timer_hardware_alarm_claim
                0x0000000010002098       0x14 CMakeFiles/autocar.dir/home/medx/Documentos/embeddedsystems/endproject/pico-sdk/src/rp2_common/hardware_timer/timer.c.o
                0x0000000010002098                timer_hardware_alarm_claim
 .text.timer_time_us_64
                0x00000000100020ac       0x10 CMakeFiles/autocar.dir/home/medx/Documentos/embeddedsystems/endproject/pico-sdk/src/rp2_common/hardware_timer/timer.c.o
                0x00000000100020ac                timer_time_us_64
 .text.time_us_64
                0x00000000100020bc       0x14 CMakeFiles/autocar.dir/home/medx/Documentos/embeddedsystems/endproject/pico-sdk/src/rp2_common/hardware_timer/timer.c.o
                0x00000000100020bc                time_us_64
 .text.busy_wait_us
                0x00000000100020d0       0x54 CMakeFiles/autocar.dir/home/medx/Documentos/embeddedsystems/endproject/pico-sdk/src/rp2_common/hardware_timer/timer.c.o
                0x00000000100020d0                busy_wait_us
 .text.busy_wait_until
                0x0000000010002124       0x20 CMakeFiles/autocar.dir/home/medx/Documentos/embeddedsystems/endproject/pico-sdk/src/rp2_common/hardware_timer/timer.c.o
                0x0000000010002124                busy_wait_until
 .text.uart_init
                0x0000000010002144      0x11c CMakeFiles/autocar.dir/home/medx/Documentos/embeddedsystems/endproject/pico-sdk/src/rp2_common/hardware_uart/uart.c.o
                0x0000000010002144                uart_init
 .text.clock_configure_int_divider
                0x0000000010002260       0xf4 CMakeFiles/autocar.dir/home/medx/Documentos/embeddedsystems/endproject/pico-sdk/src/rp2_common/hardware_clocks/clocks.c.o
                0x0000000010002260                clock_configure_int_divider
 .text.clock_configure_undivided
                0x0000000010002354       0xe4 CMakeFiles/autocar.dir/home/medx/Documentos/embeddedsystems/endproject/pico-sdk/src/rp2_common/hardware_clocks/clocks.c.o
                0x0000000010002354                clock_configure_undivided
 .text.clock_get_hz
                0x0000000010002438        0xc CMakeFiles/autocar.dir/home/medx/Documentos/embeddedsystems/endproject/pico-sdk/src/rp2_common/hardware_clocks/clocks.c.o
                0x0000000010002438                clock_get_hz
 .text.pll_init
                0x0000000010002444       0xa0 CMakeFiles/autocar.dir/home/medx/Documentos/embeddedsystems/endproject/pico-sdk/src/rp2_common/hardware_pll/pll.c.o
                0x0000000010002444                pll_init
 .text.watchdog_reboot
                0x00000000100024e4       0x98 CMakeFiles/autocar.dir/home/medx/Documentos/embeddedsystems/endproject/pico-sdk/src/rp2_common/hardware_watchdog/watchdog.c.o
                0x00000000100024e4                watchdog_reboot
 .text.tick_start
                0x000000001000257c       0x10 CMakeFiles/autocar.dir/home/medx/Documentos/embeddedsystems/endproject/pico-sdk/src/rp2_common/hardware_ticks/ticks.c.o
                0x000000001000257c                tick_start
 .text.rom_func_lookup
                0x000000001000258c       0x10 CMakeFiles/autocar.dir/home/medx/Documentos/embeddedsystems/endproject/pico-sdk/src/rp2_common/pico_bootrom/bootrom.c.o
                0x000000001000258c                rom_func_lookup
 .text.rom_data_lookup
                0x000000001000259c       0x10 CMakeFiles/autocar.dir/home/medx/Documentos/embeddedsystems/endproject/pico-sdk/src/rp2_common/pico_bootrom/bootrom.c.o
                0x000000001000259c                rom_data_lookup
 .text.rom_funcs_lookup
                0x00000000100025ac       0x3c CMakeFiles/autocar.dir/home/medx/Documentos/embeddedsystems/endproject/pico-sdk/src/rp2_common/pico_bootrom/bootrom.c.o
                0x00000000100025ac                rom_funcs_lookup
 .text.rom_reset_usb_boot_extra
                0x00000000100025e8       0x28 CMakeFiles/autocar.dir/home/medx/Documentos/embeddedsystems/endproject/pico-sdk/src/rp2_common/pico_bootrom/bootrom.c.o
                0x00000000100025e8                rom_reset_usb_boot_extra
 .text.xosc_init
                0x0000000010002610       0x28 CMakeFiles/autocar.dir/home/medx/Documentos/embeddedsystems/endproject/pico-sdk/src/rp2_common/hardware_xosc/xosc.c.o
                0x0000000010002610                xosc_init
 .text.first_per_core_initializer
                0x0000000010002638        0x4 CMakeFiles/autocar.dir/home/medx/Documentos/embeddedsystems/endproject/pico-sdk/src/rp2_common/pico_runtime/runtime.c.o
 .text.hard_assertion_failure
                0x000000001000263c        0xc CMakeFiles/autocar.dir/home/medx/Documentos/embeddedsystems/endproject/pico-sdk/src/rp2_common/pico_runtime/runtime.c.o
                0x000000001000263c                hard_assertion_failure
 .text.runtime_run_initializers
                0x0000000010002648       0x28 CMakeFiles/autocar.dir/home/medx/Documentos/embeddedsystems/endproject/pico-sdk/src/rp2_common/pico_runtime/runtime.c.o
                0x0000000010002648                runtime_run_initializers
 .text.runtime_run_per_core_initializers
                0x0000000010002670       0x28 CMakeFiles/autocar.dir/home/medx/Documentos/embeddedsystems/endproject/pico-sdk/src/rp2_common/pico_runtime/runtime.c.o
                0x0000000010002670                runtime_run_per_core_initializers
 .text.runtime_init_early_resets
                0x0000000010002698       0x2c CMakeFiles/autocar.dir/home/medx/Documentos/embeddedsystems/endproject/pico-sdk/src/rp2_common/pico_runtime_init/runtime_init.c.o
                0x0000000010002698                runtime_init_early_resets
 .text.runtime_init_usb_power_down
                0x00000000100026c4       0x1c CMakeFiles/autocar.dir/home/medx/Documentos/embeddedsystems/endproject/pico-sdk/src/rp2_common/pico_runtime_init/runtime_init.c.o
                0x00000000100026c4                runtime_init_usb_power_down
 .text.runtime_init_post_clock_resets
                0x00000000100026e0       0x20 CMakeFiles/autocar.dir/home/medx/Documentos/embeddedsystems/endproject/pico-sdk/src/rp2_common/pico_runtime_init/runtime_init.c.o
                0x00000000100026e0                runtime_init_post_clock_resets
 .text.runtime_init_rp2040_gpio_ie_disable
                0x0000000010002700       0x14 CMakeFiles/autocar.dir/home/medx/Documentos/embeddedsystems/endproject/pico-sdk/src/rp2_common/pico_runtime_init/runtime_init.c.o
                0x0000000010002700                runtime_init_rp2040_gpio_ie_disable
 .text.runtime_init_spin_locks_reset
                0x0000000010002714        0x8 CMakeFiles/autocar.dir/home/medx/Documentos/embeddedsystems/endproject/pico-sdk/src/rp2_common/pico_runtime_init/runtime_init.c.o
                0x0000000010002714                runtime_init_spin_locks_reset
 .text.runtime_init_install_ram_vector_table
                0x000000001000271c       0xb8 CMakeFiles/autocar.dir/home/medx/Documentos/embeddedsystems/endproject/pico-sdk/src/rp2_common/pico_runtime_init/runtime_init.c.o
                0x000000001000271c                runtime_init_install_ram_vector_table
 .text.runtime_init_clocks
                0x00000000100027d4       0xd8 CMakeFiles/autocar.dir/home/medx/Documentos/embeddedsystems/endproject/pico-sdk/src/rp2_common/pico_runtime_init/runtime_init_clocks.c.o
                0x00000000100027d4                runtime_init_clocks
 .text          0x00000000100028ac       0x10 CMakeFiles/autocar.dir/home/medx/Documentos/embeddedsystems/endproject/pico-sdk/src/rp2_common/pico_bit_ops/bit_ops_aeabi.S.o
 .text.__wrap___aeabi_idiv
                0x00000000100028bc       0x50 CMakeFiles/autocar.dir/home/medx/Documentos/embeddedsystems/endproject/pico-sdk/src/rp2_common/pico_divider/divider_hardware.S.o
                0x00000000100028bc                __wrap___aeabi_idivmod
                0x00000000100028bc                divmod_s32s32
                0x00000000100028bc                div_s32s32
                0x00000000100028bc                __wrap___aeabi_idiv
                0x00000000100028c4                divmod_s32s32_unsafe
                0x00000000100028f0                divmod_s32s32_savestate
 .text.__wrap___aeabi_uidiv
                0x000000001000290c       0x4c CMakeFiles/autocar.dir/home/medx/Documentos/embeddedsystems/endproject/pico-sdk/src/rp2_common/pico_divider/divider_hardware.S.o
                0x000000001000290c                __wrap___aeabi_uidiv
                0x000000001000290c                __wrap___aeabi_uidivmod
                0x000000001000290c                div_u32u32
                0x000000001000290c                divmod_u32u32
                0x0000000010002914                divmod_u32u32_unsafe
                0x000000001000293c                divmod_u32u32_savestate
 .text.__wrap___aeabi_ldiv
                0x0000000010002958      0x424 CMakeFiles/autocar.dir/home/medx/Documentos/embeddedsystems/endproject/pico-sdk/src/rp2_common/pico_divider/divider_hardware.S.o
                0x0000000010002958                div_s64s64
                0x0000000010002958                divmod_s64s64
                0x0000000010002958                __wrap___aeabi_ldivmod
                0x0000000010002988                div_u64u64
                0x0000000010002988                divmod_u64u64
                0x0000000010002988                __wrap___aeabi_uldivmod
                0x0000000010002998                divmod_u64u64_savestate
                0x00000000100029b8                divmod_s64s64_unsafe
                0x0000000010002a40                divmod_u64u64_unsafe
 .text.__wrap___aeabi_darithmetic
                0x0000000010002d7c       0x80 CMakeFiles/autocar.dir/home/medx/Documentos/embeddedsystems/endproject/pico-sdk/src/rp2_common/pico_double/double_aeabi_rp2040.S.o
                0x0000000010002d7c                __wrap___aeabi_drsub
                0x0000000010002d82                __wrap___aeabi_dsub
                0x0000000010002d94                __wrap___aeabi_dadd
                0x0000000010002da6                __wrap___aeabi_ddiv
                0x0000000010002de2                __wrap___aeabi_dmul
 .text.__wrap___aeabi_cdcmple
                0x0000000010002dfc       0x6c CMakeFiles/autocar.dir/home/medx/Documentos/embeddedsystems/endproject/pico-sdk/src/rp2_common/pico_double/double_aeabi_rp2040.S.o
                0x0000000010002dfc                __wrap___aeabi_cdrcmple
                0x0000000010002e0c                __wrap___aeabi_cdcmple
                0x0000000010002e0c                __wrap___aeabi_cdcmpeq
 .text.__wrap___aeabi_dcmplt
                0x0000000010002e68        0xc CMakeFiles/autocar.dir/home/medx/Documentos/embeddedsystems/endproject/pico-sdk/src/rp2_common/pico_double/double_aeabi_rp2040.S.o
                0x0000000010002e68                __wrap___aeabi_dcmplt
 .text.__wrap___aeabi_dcmple
                0x0000000010002e74       0x10 CMakeFiles/autocar.dir/home/medx/Documentos/embeddedsystems/endproject/pico-sdk/src/rp2_common/pico_double/double_aeabi_rp2040.S.o
                0x0000000010002e74                __wrap___aeabi_dcmple
 .text.__wrap___aeabi_dcmpge
                0x0000000010002e84       0x10 CMakeFiles/autocar.dir/home/medx/Documentos/embeddedsystems/endproject/pico-sdk/src/rp2_common/pico_double/double_aeabi_rp2040.S.o
                0x0000000010002e84                __wrap___aeabi_dcmpge
 .text.__wrap___aeabi_dcmpgt
                0x0000000010002e94        0xa CMakeFiles/autocar.dir/home/medx/Documentos/embeddedsystems/endproject/pico-sdk/src/rp2_common/pico_double/double_aeabi_rp2040.S.o
                0x0000000010002e94                __wrap___aeabi_dcmpgt
 .text.__wrap___aeabi_dcmpun
                0x0000000010002e9e       0x18 CMakeFiles/autocar.dir/home/medx/Documentos/embeddedsystems/endproject/pico-sdk/src/rp2_common/pico_double/double_aeabi_rp2040.S.o
                0x0000000010002e9e                __wrap___aeabi_dcmpun
 *fill*         0x0000000010002eb6        0x2 
 .text.__wrap___aeabi_i2d
                0x0000000010002eb8       0x38 CMakeFiles/autocar.dir/home/medx/Documentos/embeddedsystems/endproject/pico-sdk/src/rp2_common/pico_double/double_aeabi_rp2040.S.o
                0x0000000010002eb8                __wrap___aeabi_ui2d
                0x0000000010002eb8                uint2double
                0x0000000010002ec0                __wrap___aeabi_i2d
                0x0000000010002ec0                int2double
 .text.__wrap___aeabi_d2iz
                0x0000000010002ef0       0x48 CMakeFiles/autocar.dir/home/medx/Documentos/embeddedsystems/endproject/pico-sdk/src/rp2_common/pico_double/double_aeabi_rp2040.S.o
                0x0000000010002ef0                __wrap___aeabi_d2iz
                0x0000000010002ef0                double2int_z
 .text.__wrap___aeabi_d2uiz
                0x0000000010002f38       0x18 CMakeFiles/autocar.dir/home/medx/Documentos/embeddedsystems/endproject/pico-sdk/src/rp2_common/pico_double/double_aeabi_rp2040.S.o
                0x0000000010002f38                double2uint_z
                0x0000000010002f38                double2uint
                0x0000000010002f38                __wrap___aeabi_d2uiz
 .text.__aeabi_double_init
                0x0000000010002f50       0xcc CMakeFiles/autocar.dir/home/medx/Documentos/embeddedsystems/endproject/pico-sdk/src/rp2_common/pico_double/double_init_rom_rp2040.c.o
                0x0000000010002f50                __aeabi_double_init
 .text.double_table_shim_on_use_helper
                0x000000001000301c       0x2c CMakeFiles/autocar.dir/home/medx/Documentos/embeddedsystems/endproject/pico-sdk/src/rp2_common/pico_double/double_v1_rom_shim_rp2040.S.o
                0x000000001000301c                double_table_shim_on_use_helper
 .text.__wrap___aeabi_dsub
                0x0000000010003048       0x10 CMakeFiles/autocar.dir/home/medx/Documentos/embeddedsystems/endproject/pico-sdk/src/rp2_common/pico_double/double_v1_rom_shim_rp2040.S.o
                0x0000000010003048                drsub_shim
                0x000000001000304e                dsub_shim
 .text.dadd_shim
                0x0000000010003058      0x15c CMakeFiles/autocar.dir/home/medx/Documentos/embeddedsystems/endproject/pico-sdk/src/rp2_common/pico_double/double_v1_rom_shim_rp2040.S.o
                0x0000000010003058                dadd_shim
 .text.dmul_shim
                0x00000000100031b4      0x15c CMakeFiles/autocar.dir/home/medx/Documentos/embeddedsystems/endproject/pico-sdk/src/rp2_common/pico_double/double_v1_rom_shim_rp2040.S.o
                0x00000000100031b4                dmul_shim
 .text.ddiv_shim
                0x0000000010003310      0x1b0 CMakeFiles/autocar.dir/home/medx/Documentos/embeddedsystems/endproject/pico-sdk/src/rp2_common/pico_double/double_v1_rom_shim_rp2040.S.o
                0x0000000010003310                ddiv_shim
 .text.double2uint_shim
                0x00000000100034c0        0xe CMakeFiles/autocar.dir/home/medx/Documentos/embeddedsystems/endproject/pico-sdk/src/rp2_common/pico_double/double_v1_rom_shim_rp2040.S.o
                0x00000000100034c0                double2uint_shim
                0x00000000100034c2                double2ufix_shim
 *fill*         0x00000000100034ce        0x2 
 .text.double2uint64_shim
                0x00000000100034d0       0x70 CMakeFiles/autocar.dir/home/medx/Documentos/embeddedsystems/endproject/pico-sdk/src/rp2_common/pico_double/double_v1_rom_shim_rp2040.S.o
                0x00000000100034d0                double2uint64_shim
                0x00000000100034d2                double2ufix64_shim
                0x00000000100034f2                d2fix_a
 .text.dunpacks
                0x0000000010003540       0x3c CMakeFiles/autocar.dir/home/medx/Documentos/embeddedsystems/endproject/pico-sdk/src/rp2_common/pico_double/double_v1_rom_shim_rp2040.S.o
                0x0000000010003540                dunpacks
 .text.__aeabi_lmul
                0x000000001000357c       0x32 CMakeFiles/autocar.dir/home/medx/Documentos/embeddedsystems/endproject/pico-sdk/src/rp2_common/pico_int64_ops/pico_int64_ops_aeabi.S.o
                0x000000001000357c                __wrap___aeabi_lmul
 *fill*         0x00000000100035ae        0x2 
 .text.__wrap___aeabi_farithmetic
                0x00000000100035b0       0x48 CMakeFiles/autocar.dir/home/medx/Documentos/embeddedsystems/endproject/pico-sdk/src/rp2_common/pico_float/float_aeabi_rp2040.S.o
                0x00000000100035b0                __wrap___aeabi_frsub
                0x00000000100035b6                __wrap___aeabi_fsub
                0x00000000100035bc                __wrap___aeabi_fadd
                0x00000000100035c2                __wrap___aeabi_fdiv
                0x00000000100035ea                __wrap___aeabi_fmul
 .text.__wrap___aeabi_cfcmple
                0x00000000100035f8       0x50 CMakeFiles/autocar.dir/home/medx/Documentos/embeddedsystems/endproject/pico-sdk/src/rp2_common/pico_float/float_aeabi_rp2040.S.o
                0x00000000100035f8                __wrap___aeabi_cfrcmple
                0x0000000010003604                __wrap___aeabi_cfcmpeq
                0x0000000010003604                __wrap___aeabi_cfcmple
 .text.__wrap___aeabi_fcmplt
                0x0000000010003648        0xc CMakeFiles/autocar.dir/home/medx/Documentos/embeddedsystems/endproject/pico-sdk/src/rp2_common/pico_float/float_aeabi_rp2040.S.o
                0x0000000010003648                __wrap___aeabi_fcmplt
 .text.__wrap___aeabi_fcmpgt
                0x0000000010003654        0xa CMakeFiles/autocar.dir/home/medx/Documentos/embeddedsystems/endproject/pico-sdk/src/rp2_common/pico_float/float_aeabi_rp2040.S.o
                0x0000000010003654                __wrap___aeabi_fcmpgt
 .text.__wrap___aeabi_ui2f
                0x000000001000365e        0xa CMakeFiles/autocar.dir/home/medx/Documentos/embeddedsystems/endproject/pico-sdk/src/rp2_common/pico_float/float_aeabi_rp2040.S.o
                0x000000001000365e                uint2float
                0x000000001000365e                __wrap___aeabi_ui2f
 .text.__wrap___aeabi_i2f
                0x0000000010003668       0x44 CMakeFiles/autocar.dir/home/medx/Documentos/embeddedsystems/endproject/pico-sdk/src/rp2_common/pico_float/float_aeabi_rp2040.S.o
                0x0000000010003668                int2float
                0x0000000010003668                __wrap___aeabi_i2f
 .text.__wrap___aeabi_f2uiz
                0x00000000100036ac        0xc CMakeFiles/autocar.dir/home/medx/Documentos/embeddedsystems/endproject/pico-sdk/src/rp2_common/pico_float/float_aeabi_rp2040.S.o
                0x00000000100036ac                float2uint
                0x00000000100036ac                float2uint_z
                0x00000000100036ac                __wrap___aeabi_f2uiz
 .text.__wrap___aeabi_l2f
                0x00000000100036b8       0x20 CMakeFiles/autocar.dir/home/medx/Documentos/embeddedsystems/endproject/pico-sdk/src/rp2_common/pico_float/float_aeabi_rp2040.S.o
                0x00000000100036bc                int642float
                0x00000000100036bc                __wrap___aeabi_l2f
 .text.__wrap___aeabi_ul2f
                0x00000000100036d8       0x20 CMakeFiles/autocar.dir/home/medx/Documentos/embeddedsystems/endproject/pico-sdk/src/rp2_common/pico_float/float_aeabi_rp2040.S.o
                0x00000000100036dc                __wrap___aeabi_ul2f
                0x00000000100036dc                uint642float
 .text.__wrap___aeabi_f2d
                0x00000000100036f8       0x14 CMakeFiles/autocar.dir/home/medx/Documentos/embeddedsystems/endproject/pico-sdk/src/rp2_common/pico_float/float_aeabi_rp2040.S.o
                0x00000000100036f8                __wrap___aeabi_f2d
 .text.__aeabi_float_init
                0x000000001000370c       0x64 CMakeFiles/autocar.dir/home/medx/Documentos/embeddedsystems/endproject/pico-sdk/src/rp2_common/pico_float/float_init_rom_rp2040.c.o
                0x000000001000370c                __aeabi_float_init
 .text.float_table_shim_on_use_helper
                0x0000000010003770       0x2c CMakeFiles/autocar.dir/home/medx/Documentos/embeddedsystems/endproject/pico-sdk/src/rp2_common/pico_float/float_v1_rom_shim_rp2040.S.o
                0x0000000010003770                float_table_shim_on_use_helper
 .text.642float_shims
                0x000000001000379c       0x44 CMakeFiles/autocar.dir/home/medx/Documentos/embeddedsystems/endproject/pico-sdk/src/rp2_common/pico_float/float_v1_rom_shim_rp2040.S.o
                0x000000001000379c                uint642float_shim
                0x000000001000379e                ufix642float_shim
                0x00000000100037ae                int642float_shim
                0x00000000100037b0                fix642float_shim
 .text.float2double_shim
                0x00000000100037e0       0x30 CMakeFiles/autocar.dir/home/medx/Documentos/embeddedsystems/endproject/pico-sdk/src/rp2_common/pico_float/float_v1_rom_shim_rp2040.S.o
                0x00000000100037e0                float2double_shim
 .text          0x0000000010003810       0x10 CMakeFiles/autocar.dir/home/medx/Documentos/embeddedsystems/endproject/pico-sdk/src/rp2_common/pico_mem_ops/mem_ops_aeabi.S.o
                0x0000000010003810                __aeabi_mem_init
 .text.memset   0x0000000010003820        0xc CMakeFiles/autocar.dir/home/medx/Documentos/embeddedsystems/endproject/pico-sdk/src/rp2_common/pico_mem_ops/mem_ops_aeabi.S.o
                0x0000000010003820                __wrap_memset
 .text.memcpy   0x000000001000382c        0xc CMakeFiles/autocar.dir/home/medx/Documentos/embeddedsystems/endproject/pico-sdk/src/rp2_common/pico_mem_ops/mem_ops_aeabi.S.o
                0x000000001000382c                __wrap___aeabi_memcpy
                0x000000001000382c                __wrap_memcpy
 .text._out_null
                0x0000000010003838        0x4 CMakeFiles/autocar.dir/home/medx/Documentos/embeddedsystems/endproject/pico-sdk/src/rp2_common/pico_printf/printf.c.o
 .text._out_rev
                0x000000001000383c       0xd0 CMakeFiles/autocar.dir/home/medx/Documentos/embeddedsystems/endproject/pico-sdk/src/rp2_common/pico_printf/printf.c.o
 .text._ntoa_format
                0x000000001000390c      0x1d0 CMakeFiles/autocar.dir/home/medx/Documentos/embeddedsystems/endproject/pico-sdk/src/rp2_common/pico_printf/printf.c.o
 .text._out_char
                0x0000000010003adc       0x10 CMakeFiles/autocar.dir/home/medx/Documentos/embeddedsystems/endproject/pico-sdk/src/rp2_common/pico_printf/printf.c.o
 .text._out_fct
                0x0000000010003aec       0x10 CMakeFiles/autocar.dir/home/medx/Documentos/embeddedsystems/endproject/pico-sdk/src/rp2_common/pico_printf/printf.c.o
 .text._etoa    0x0000000010003afc      0x478 CMakeFiles/autocar.dir/home/medx/Documentos/embeddedsystems/endproject/pico-sdk/src/rp2_common/pico_printf/printf.c.o
 .text._ftoa    0x0000000010003f74      0x3e0 CMakeFiles/autocar.dir/home/medx/Documentos/embeddedsystems/endproject/pico-sdk/src/rp2_common/pico_printf/printf.c.o
 .text._vsnprintf
                0x0000000010004354      0xb08 CMakeFiles/autocar.dir/home/medx/Documentos/embeddedsystems/endproject/pico-sdk/src/rp2_common/pico_printf/printf.c.o
 .text.vfctprintf
                0x0000000010004e5c       0x20 CMakeFiles/autocar.dir/home/medx/Documentos/embeddedsystems/endproject/pico-sdk/src/rp2_common/pico_printf/printf.c.o
                0x0000000010004e5c                vfctprintf
 .text.weak_raw_vprintf
                0x0000000010004e7c       0x30 CMakeFiles/autocar.dir/home/medx/Documentos/embeddedsystems/endproject/pico-sdk/src/rp2_common/pico_printf/printf.c.o
                0x0000000010004e7c                weak_raw_vprintf
 .text._exit    0x0000000010004eac        0x4 CMakeFiles/autocar.dir/home/medx/Documentos/embeddedsystems/endproject/pico-sdk/src/rp2_common/pico_clib_interface/newlib_interface.c.o
                0x0000000010004eac                _exit
 .text.exit     0x0000000010004eb0        0x8 CMakeFiles/autocar.dir/home/medx/Documentos/embeddedsystems/endproject/pico-sdk/src/rp2_common/pico_clib_interface/newlib_interface.c.o
                0x0000000010004eb0                exit
 .text.runtime_init
                0x0000000010004eb8       0x2c CMakeFiles/autocar.dir/home/medx/Documentos/embeddedsystems/endproject/pico-sdk/src/rp2_common/pico_clib_interface/newlib_interface.c.o
                0x0000000010004eb8                runtime_init
 .text.stdio_out_chars_no_crlf
                0x0000000010004ee4       0x10 CMakeFiles/autocar.dir/home/medx/Documentos/embeddedsystems/endproject/pico-sdk/src/rp2_common/pico_stdio/stdio.c.o
 .text.stdio_out_chars_crlf
                0x0000000010004ef4       0x94 CMakeFiles/autocar.dir/home/medx/Documentos/embeddedsystems/endproject/pico-sdk/src/rp2_common/pico_stdio/stdio.c.o
 .text.stdio_buffered_printer
                0x0000000010004f88       0x64 CMakeFiles/autocar.dir/home/medx/Documentos/embeddedsystems/endproject/pico-sdk/src/rp2_common/pico_stdio/stdio.c.o
 .text.stdio_put_string
                0x0000000010004fec      0x100 CMakeFiles/autocar.dir/home/medx/Documentos/embeddedsystems/endproject/pico-sdk/src/rp2_common/pico_stdio/stdio.c.o
                0x0000000010004fec                stdio_put_string
 .text.stdio_set_driver_enabled
                0x00000000100050ec       0x30 CMakeFiles/autocar.dir/home/medx/Documentos/embeddedsystems/endproject/pico-sdk/src/rp2_common/pico_stdio/stdio.c.o
                0x00000000100050ec                stdio_set_driver_enabled
 .text.stdio_init_all
                0x000000001000511c       0x10 CMakeFiles/autocar.dir/home/medx/Documentos/embeddedsystems/endproject/pico-sdk/src/rp2_common/pico_stdio/stdio.c.o
                0x000000001000511c                stdio_init_all
 .text.__wrap_putchar
                0x000000001000512c       0x98 CMakeFiles/autocar.dir/home/medx/Documentos/embeddedsystems/endproject/pico-sdk/src/rp2_common/pico_stdio/stdio.c.o
                0x000000001000512c                stdio_putchar
                0x000000001000512c                __wrap_putchar
 .text.__wrap_puts
                0x00000000100051c4       0x3c CMakeFiles/autocar.dir/home/medx/Documentos/embeddedsystems/endproject/pico-sdk/src/rp2_common/pico_stdio/stdio.c.o
                0x00000000100051c4                __wrap_puts
                0x00000000100051c4                stdio_puts
 .text.__wrap_vprintf
                0x0000000010005200       0xd8 CMakeFiles/autocar.dir/home/medx/Documentos/embeddedsystems/endproject/pico-sdk/src/rp2_common/pico_stdio/stdio.c.o
                0x0000000010005200                __wrap_vprintf
                0x0000000010005200                stdio_vprintf
 .text.__wrap_printf
                0x00000000100052d8       0x18 CMakeFiles/autocar.dir/home/medx/Documentos/embeddedsystems/endproject/pico-sdk/src/rp2_common/pico_stdio/stdio.c.o
                0x00000000100052d8                stdio_printf
                0x00000000100052d8                __wrap_printf
 .text.stdio_uart_out_chars
                0x00000000100052f0       0x4c CMakeFiles/autocar.dir/home/medx/Documentos/embeddedsystems/endproject/pico-sdk/src/rp2_common/pico_stdio_uart/stdio_uart.c.o
 .text.stdio_uart_in_chars
                0x000000001000533c       0x84 CMakeFiles/autocar.dir/home/medx/Documentos/embeddedsystems/endproject/pico-sdk/src/rp2_common/pico_stdio_uart/stdio_uart.c.o
                0x000000001000533c                stdio_uart_in_chars
 .text.on_uart_rx
                0x00000000100053c0       0x28 CMakeFiles/autocar.dir/home/medx/Documentos/embeddedsystems/endproject/pico-sdk/src/rp2_common/pico_stdio_uart/stdio_uart.c.o
 .text.stdio_uart_out_flush
                0x00000000100053e8       0x14 CMakeFiles/autocar.dir/home/medx/Documentos/embeddedsystems/endproject/pico-sdk/src/rp2_common/pico_stdio_uart/stdio_uart.c.o
 .text.stdio_uart_set_chars_available_callback
                0x00000000100053fc       0x88 CMakeFiles/autocar.dir/home/medx/Documentos/embeddedsystems/endproject/pico-sdk/src/rp2_common/pico_stdio_uart/stdio_uart.c.o
 .text.stdio_uart_init
                0x0000000010005484       0x50 CMakeFiles/autocar.dir/home/medx/Documentos/embeddedsystems/endproject/pico-sdk/src/rp2_common/pico_stdio_uart/stdio_uart.c.o
                0x0000000010005484                stdio_uart_init
 .text.resetd_init
                0x00000000100054d4        0x4 CMakeFiles/autocar.dir/home/medx/Documentos/embeddedsystems/endproject/pico-sdk/src/rp2_common/pico_stdio_usb/reset_interface.c.o
 .text.resetd_reset
                0x00000000100054d8        0xc CMakeFiles/autocar.dir/home/medx/Documentos/embeddedsystems/endproject/pico-sdk/src/rp2_common/pico_stdio_usb/reset_interface.c.o
 .text.resetd_open
                0x00000000100054e4       0x28 CMakeFiles/autocar.dir/home/medx/Documentos/embeddedsystems/endproject/pico-sdk/src/rp2_common/pico_stdio_usb/reset_interface.c.o
 .text.resetd_xfer_cb
                0x000000001000550c        0x4 CMakeFiles/autocar.dir/home/medx/Documentos/embeddedsystems/endproject/pico-sdk/src/rp2_common/pico_stdio_usb/reset_interface.c.o
 .text.resetd_control_xfer_cb
                0x0000000010005510       0x60 CMakeFiles/autocar.dir/home/medx/Documentos/embeddedsystems/endproject/pico-sdk/src/rp2_common/pico_stdio_usb/reset_interface.c.o
 .text.tud_descriptor_bos_cb
                0x0000000010005570        0x8 CMakeFiles/autocar.dir/home/medx/Documentos/embeddedsystems/endproject/pico-sdk/src/rp2_common/pico_stdio_usb/reset_interface.c.o
                0x0000000010005570                tud_descriptor_bos_cb
 .text.tud_vendor_control_xfer_cb
                0x0000000010005578       0x34 CMakeFiles/autocar.dir/home/medx/Documentos/embeddedsystems/endproject/pico-sdk/src/rp2_common/pico_stdio_usb/reset_interface.c.o
                0x0000000010005578                tud_vendor_control_xfer_cb
 .text.usbd_app_driver_get_cb
                0x00000000100055ac        0xc CMakeFiles/autocar.dir/home/medx/Documentos/embeddedsystems/endproject/pico-sdk/src/rp2_common/pico_stdio_usb/reset_interface.c.o
                0x00000000100055ac                usbd_app_driver_get_cb
 .text.tud_cdc_line_coding_cb
                0x00000000100055b8       0x2c CMakeFiles/autocar.dir/home/medx/Documentos/embeddedsystems/endproject/pico-sdk/src/rp2_common/pico_stdio_usb/reset_interface.c.o
                0x00000000100055b8                tud_cdc_line_coding_cb
 .text.stdio_usb_set_chars_available_callback
                0x00000000100055e4       0x14 CMakeFiles/autocar.dir/home/medx/Documentos/embeddedsystems/endproject/pico-sdk/src/rp2_common/pico_stdio_usb/stdio_usb.c.o
                0x00000000100055e4                stdio_usb_set_chars_available_callback
 .text.usb_irq  0x00000000100055f8       0x10 CMakeFiles/autocar.dir/home/medx/Documentos/embeddedsystems/endproject/pico-sdk/src/rp2_common/pico_stdio_usb/stdio_usb.c.o
 .text.timer_task
                0x0000000010005608       0x64 CMakeFiles/autocar.dir/home/medx/Documentos/embeddedsystems/endproject/pico-sdk/src/rp2_common/pico_stdio_usb/stdio_usb.c.o
 .text.stdio_usb_in_chars
                0x000000001000566c       0x90 CMakeFiles/autocar.dir/home/medx/Documentos/embeddedsystems/endproject/pico-sdk/src/rp2_common/pico_stdio_usb/stdio_usb.c.o
                0x000000001000566c                stdio_usb_in_chars
 .text.stdio_usb_out_flush
                0x00000000100056fc       0x50 CMakeFiles/autocar.dir/home/medx/Documentos/embeddedsystems/endproject/pico-sdk/src/rp2_common/pico_stdio_usb/stdio_usb.c.o
 .text.stdio_usb_out_chars
                0x000000001000574c      0x100 CMakeFiles/autocar.dir/home/medx/Documentos/embeddedsystems/endproject/pico-sdk/src/rp2_common/pico_stdio_usb/stdio_usb.c.o
 .text.low_priority_worker_irq
                0x000000001000584c       0xc8 CMakeFiles/autocar.dir/home/medx/Documentos/embeddedsystems/endproject/pico-sdk/src/rp2_common/pico_stdio_usb/stdio_usb.c.o
 .text.stdio_usb_init
                0x0000000010005914       0xe8 CMakeFiles/autocar.dir/home/medx/Documentos/embeddedsystems/endproject/pico-sdk/src/rp2_common/pico_stdio_usb/stdio_usb.c.o
                0x0000000010005914                stdio_usb_init
 .text.tud_descriptor_device_cb
                0x00000000100059fc        0x8 CMakeFiles/autocar.dir/home/medx/Documentos/embeddedsystems/endproject/pico-sdk/src/rp2_common/pico_stdio_usb/stdio_usb_descriptors.c.o
                0x00000000100059fc                tud_descriptor_device_cb
 .text.tud_descriptor_configuration_cb
                0x0000000010005a04        0x8 CMakeFiles/autocar.dir/home/medx/Documentos/embeddedsystems/endproject/pico-sdk/src/rp2_common/pico_stdio_usb/stdio_usb_descriptors.c.o
                0x0000000010005a04                tud_descriptor_configuration_cb
 .text.tud_descriptor_string_cb
                0x0000000010005a0c       0x70 CMakeFiles/autocar.dir/home/medx/Documentos/embeddedsystems/endproject/pico-sdk/src/rp2_common/pico_stdio_usb/stdio_usb_descriptors.c.o
                0x0000000010005a0c                tud_descriptor_string_cb
 .text.startup._retrieve_unique_id_on_boot
                0x0000000010005a7c       0x10 CMakeFiles/autocar.dir/home/medx/Documentos/embeddedsystems/endproject/pico-sdk/src/rp2_common/pico_unique_id/unique_id.c.o
 .text.pico_get_unique_board_id_string
                0x0000000010005a8c      0x1bc CMakeFiles/autocar.dir/home/medx/Documentos/embeddedsystems/endproject/pico-sdk/src/rp2_common/pico_unique_id/unique_id.c.o
                0x0000000010005a8c                pico_get_unique_board_id_string
 .text.flash_get_unique_id
                0x0000000010005c48       0x40 CMakeFiles/autocar.dir/home/medx/Documentos/embeddedsystems/endproject/pico-sdk/src/rp2_common/hardware_flash/flash.c.o
                0x0000000010005c48                flash_get_unique_id
 .text.dcd_init
                0x0000000010005c88       0x94 CMakeFiles/autocar.dir/home/medx/Documentos/embeddedsystems/endproject/pico-sdk/lib/tinyusb/src/portable/raspberrypi/rp2040/dcd_rp2040.c.o
                0x0000000010005c88                dcd_init
 .text.dcd_int_enable
                0x0000000010005d1c        0xc CMakeFiles/autocar.dir/home/medx/Documentos/embeddedsystems/endproject/pico-sdk/lib/tinyusb/src/portable/raspberrypi/rp2040/dcd_rp2040.c.o
                0x0000000010005d1c                dcd_int_enable
 .text.dcd_set_address
                0x0000000010005d28       0x14 CMakeFiles/autocar.dir/home/medx/Documentos/embeddedsystems/endproject/pico-sdk/lib/tinyusb/src/portable/raspberrypi/rp2040/dcd_rp2040.c.o
                0x0000000010005d28                dcd_set_address
 .text.dcd_sof_enable
                0x0000000010005d3c       0x1c CMakeFiles/autocar.dir/home/medx/Documentos/embeddedsystems/endproject/pico-sdk/lib/tinyusb/src/portable/raspberrypi/rp2040/dcd_rp2040.c.o
                0x0000000010005d3c                dcd_sof_enable
 .text.dcd_edpt0_status_complete
                0x0000000010005d58       0x1c CMakeFiles/autocar.dir/home/medx/Documentos/embeddedsystems/endproject/pico-sdk/lib/tinyusb/src/portable/raspberrypi/rp2040/dcd_rp2040.c.o
                0x0000000010005d58                dcd_edpt0_status_complete
 .text.dcd_edpt_open
                0x0000000010005d74      0x114 CMakeFiles/autocar.dir/home/medx/Documentos/embeddedsystems/endproject/pico-sdk/lib/tinyusb/src/portable/raspberrypi/rp2040/dcd_rp2040.c.o
                0x0000000010005d74                dcd_edpt_open
 .text.dcd_edpt_close_all
                0x0000000010005e88        0x8 CMakeFiles/autocar.dir/home/medx/Documentos/embeddedsystems/endproject/pico-sdk/lib/tinyusb/src/portable/raspberrypi/rp2040/dcd_rp2040.c.o
                0x0000000010005e88                dcd_edpt_close_all
 .text.dcd_edpt_xfer
                0x0000000010005e90       0x24 CMakeFiles/autocar.dir/home/medx/Documentos/embeddedsystems/endproject/pico-sdk/lib/tinyusb/src/portable/raspberrypi/rp2040/dcd_rp2040.c.o
                0x0000000010005e90                dcd_edpt_xfer
 .text.dcd_edpt_stall
                0x0000000010005eb4       0x38 CMakeFiles/autocar.dir/home/medx/Documentos/embeddedsystems/endproject/pico-sdk/lib/tinyusb/src/portable/raspberrypi/rp2040/dcd_rp2040.c.o
                0x0000000010005eb4                dcd_edpt_stall
 .text.dcd_edpt_clear_stall
                0x0000000010005eec       0x30 CMakeFiles/autocar.dir/home/medx/Documentos/embeddedsystems/endproject/pico-sdk/lib/tinyusb/src/portable/raspberrypi/rp2040/dcd_rp2040.c.o
                0x0000000010005eec                dcd_edpt_clear_stall
 .text.rp2040_usb_init
                0x0000000010005f1c       0x40 CMakeFiles/autocar.dir/home/medx/Documentos/embeddedsystems/endproject/pico-sdk/lib/tinyusb/src/portable/raspberrypi/rp2040/rp2040_usb.c.o
                0x0000000010005f1c                rp2040_usb_init
 .text.hw_endpoint_xfer_start
                0x0000000010005f5c       0x54 CMakeFiles/autocar.dir/home/medx/Documentos/embeddedsystems/endproject/pico-sdk/lib/tinyusb/src/portable/raspberrypi/rp2040/rp2040_usb.c.o
                0x0000000010005f5c                hw_endpoint_xfer_start
 .text.tud_event_hook_cb
                0x0000000010005fb0        0x4 CMakeFiles/autocar.dir/home/medx/Documentos/embeddedsystems/endproject/pico-sdk/lib/tinyusb/src/device/usbd.c.o
                0x0000000010005fb0                tud_event_hook_cb
 .text.tud_sof_cb
                0x0000000010005fb4        0x4 CMakeFiles/autocar.dir/home/medx/Documentos/embeddedsystems/endproject/pico-sdk/lib/tinyusb/src/device/usbd.c.o
                0x0000000010005fb4                tud_sof_cb
 .text.tud_descriptor_device_qualifier_cb
                0x0000000010005fb8        0x4 CMakeFiles/autocar.dir/home/medx/Documentos/embeddedsystems/endproject/pico-sdk/lib/tinyusb/src/device/usbd.c.o
                0x0000000010005fb8                tud_descriptor_device_qualifier_cb
 .text.tud_descriptor_other_speed_configuration_cb
                0x0000000010005fbc        0x4 CMakeFiles/autocar.dir/home/medx/Documentos/embeddedsystems/endproject/pico-sdk/lib/tinyusb/src/device/usbd.c.o
                0x0000000010005fbc                tud_descriptor_other_speed_configuration_cb
 .text.tud_mount_cb
                0x0000000010005fc0        0x4 CMakeFiles/autocar.dir/home/medx/Documentos/embeddedsystems/endproject/pico-sdk/lib/tinyusb/src/device/usbd.c.o
                0x0000000010005fc0                tud_mount_cb
 .text.tud_umount_cb
                0x0000000010005fc4        0x4 CMakeFiles/autocar.dir/home/medx/Documentos/embeddedsystems/endproject/pico-sdk/lib/tinyusb/src/device/usbd.c.o
                0x0000000010005fc4                tud_umount_cb
 .text.tud_suspend_cb
                0x0000000010005fc8        0x4 CMakeFiles/autocar.dir/home/medx/Documentos/embeddedsystems/endproject/pico-sdk/lib/tinyusb/src/device/usbd.c.o
                0x0000000010005fc8                tud_suspend_cb
 .text.tud_resume_cb
                0x0000000010005fcc        0x4 CMakeFiles/autocar.dir/home/medx/Documentos/embeddedsystems/endproject/pico-sdk/lib/tinyusb/src/device/usbd.c.o
                0x0000000010005fcc                tud_resume_cb
 .text.tud_mounted
                0x0000000010005fd0       0x10 CMakeFiles/autocar.dir/home/medx/Documentos/embeddedsystems/endproject/pico-sdk/lib/tinyusb/src/device/usbd.c.o
                0x0000000010005fd0                tud_mounted
 .text.tud_suspended
                0x0000000010005fe0       0x10 CMakeFiles/autocar.dir/home/medx/Documentos/embeddedsystems/endproject/pico-sdk/lib/tinyusb/src/device/usbd.c.o
                0x0000000010005fe0                tud_suspended
 .text.tud_rhport_init
                0x0000000010005ff0       0xf4 CMakeFiles/autocar.dir/home/medx/Documentos/embeddedsystems/endproject/pico-sdk/lib/tinyusb/src/device/usbd.c.o
                0x0000000010005ff0                tud_rhport_init
 .text.tud_task_ext
                0x00000000100060e4      0x7dc CMakeFiles/autocar.dir/home/medx/Documentos/embeddedsystems/endproject/pico-sdk/lib/tinyusb/src/device/usbd.c.o
                0x00000000100060e4                tud_task_ext
 .text.usbd_open_edpt_pair
                0x00000000100068c0       0x9c CMakeFiles/autocar.dir/home/medx/Documentos/embeddedsystems/endproject/pico-sdk/lib/tinyusb/src/device/usbd.c.o
                0x00000000100068c0                usbd_open_edpt_pair
 .text.usbd_edpt_open
                0x000000001000695c       0x34 CMakeFiles/autocar.dir/home/medx/Documentos/embeddedsystems/endproject/pico-sdk/lib/tinyusb/src/device/usbd.c.o
                0x000000001000695c                usbd_edpt_open
 .text.usbd_edpt_claim
                0x0000000010006990       0x28 CMakeFiles/autocar.dir/home/medx/Documentos/embeddedsystems/endproject/pico-sdk/lib/tinyusb/src/device/usbd.c.o
                0x0000000010006990                usbd_edpt_claim
 .text.usbd_edpt_release
                0x00000000100069b8       0x28 CMakeFiles/autocar.dir/home/medx/Documentos/embeddedsystems/endproject/pico-sdk/lib/tinyusb/src/device/usbd.c.o
                0x00000000100069b8                usbd_edpt_release
 .text.usbd_edpt_xfer
                0x00000000100069e0       0x4c CMakeFiles/autocar.dir/home/medx/Documentos/embeddedsystems/endproject/pico-sdk/lib/tinyusb/src/device/usbd.c.o
                0x00000000100069e0                usbd_edpt_xfer
 .text.tud_control_status
                0x0000000010006a2c       0x30 CMakeFiles/autocar.dir/home/medx/Documentos/embeddedsystems/endproject/pico-sdk/lib/tinyusb/src/device/usbd_control.c.o
                0x0000000010006a2c                tud_control_status
 .text.tud_control_xfer
                0x0000000010006a5c       0xb8 CMakeFiles/autocar.dir/home/medx/Documentos/embeddedsystems/endproject/pico-sdk/lib/tinyusb/src/device/usbd_control.c.o
                0x0000000010006a5c                tud_control_xfer
 .text.usbd_control_reset
                0x0000000010006b14       0x14 CMakeFiles/autocar.dir/home/medx/Documentos/embeddedsystems/endproject/pico-sdk/lib/tinyusb/src/device/usbd_control.c.o
                0x0000000010006b14                usbd_control_reset
 .text.usbd_control_set_complete_callback
                0x0000000010006b28        0xc CMakeFiles/autocar.dir/home/medx/Documentos/embeddedsystems/endproject/pico-sdk/lib/tinyusb/src/device/usbd_control.c.o
                0x0000000010006b28                usbd_control_set_complete_callback
 .text.usbd_control_set_request
                0x0000000010006b34       0x1c CMakeFiles/autocar.dir/home/medx/Documentos/embeddedsystems/endproject/pico-sdk/lib/tinyusb/src/device/usbd_control.c.o
                0x0000000010006b34                usbd_control_set_request
 .text.usbd_control_xfer_cb
                0x0000000010006b50       0xf0 CMakeFiles/autocar.dir/home/medx/Documentos/embeddedsystems/endproject/pico-sdk/lib/tinyusb/src/device/usbd_control.c.o
                0x0000000010006b50                usbd_control_xfer_cb
 .text.tud_cdc_n_connected
                0x0000000010006c40       0x2c CMakeFiles/autocar.dir/home/medx/Documentos/embeddedsystems/endproject/pico-sdk/lib/tinyusb/src/class/cdc/cdc_device.c.o
                0x0000000010006c40                tud_cdc_n_connected
 .text.tud_cdc_n_available
                0x0000000010006c6c       0x18 CMakeFiles/autocar.dir/home/medx/Documentos/embeddedsystems/endproject/pico-sdk/lib/tinyusb/src/class/cdc/cdc_device.c.o
                0x0000000010006c6c                tud_cdc_n_available
 .text.tud_cdc_n_read
                0x0000000010006c84       0x94 CMakeFiles/autocar.dir/home/medx/Documentos/embeddedsystems/endproject/pico-sdk/lib/tinyusb/src/class/cdc/cdc_device.c.o
                0x0000000010006c84                tud_cdc_n_read
 .text.tud_cdc_n_write_flush
                0x0000000010006d18       0x78 CMakeFiles/autocar.dir/home/medx/Documentos/embeddedsystems/endproject/pico-sdk/lib/tinyusb/src/class/cdc/cdc_device.c.o
                0x0000000010006d18                tud_cdc_n_write_flush
 .text.tud_cdc_n_write
                0x0000000010006d90       0x44 CMakeFiles/autocar.dir/home/medx/Documentos/embeddedsystems/endproject/pico-sdk/lib/tinyusb/src/class/cdc/cdc_device.c.o
                0x0000000010006d90                tud_cdc_n_write
 .text.tud_cdc_n_write_available
                0x0000000010006dd4       0x18 CMakeFiles/autocar.dir/home/medx/Documentos/embeddedsystems/endproject/pico-sdk/lib/tinyusb/src/class/cdc/cdc_device.c.o
                0x0000000010006dd4                tud_cdc_n_write_available
 .text.cdcd_init
                0x0000000010006dec       0x74 CMakeFiles/autocar.dir/home/medx/Documentos/embeddedsystems/endproject/pico-sdk/lib/tinyusb/src/class/cdc/cdc_device.c.o
                0x0000000010006dec                cdcd_init
 .text.cdcd_deinit
                0x0000000010006e60       0x24 CMakeFiles/autocar.dir/home/medx/Documentos/embeddedsystems/endproject/pico-sdk/lib/tinyusb/src/class/cdc/cdc_device.c.o
                0x0000000010006e60                cdcd_deinit
 .text.cdcd_reset
                0x0000000010006e84       0x4c CMakeFiles/autocar.dir/home/medx/Documentos/embeddedsystems/endproject/pico-sdk/lib/tinyusb/src/class/cdc/cdc_device.c.o
                0x0000000010006e84                cdcd_reset
 .text.cdcd_open
                0x0000000010006ed0      0x100 CMakeFiles/autocar.dir/home/medx/Documentos/embeddedsystems/endproject/pico-sdk/lib/tinyusb/src/class/cdc/cdc_device.c.o
                0x0000000010006ed0                cdcd_open
 .text.cdcd_control_xfer_cb
                0x0000000010006fd0       0xe8 CMakeFiles/autocar.dir/home/medx/Documentos/embeddedsystems/endproject/pico-sdk/lib/tinyusb/src/class/cdc/cdc_device.c.o
                0x0000000010006fd0                cdcd_control_xfer_cb
 .text.cdcd_xfer_cb
                0x00000000100070b8      0x1b0 CMakeFiles/autocar.dir/home/medx/Documentos/embeddedsystems/endproject/pico-sdk/lib/tinyusb/src/class/cdc/cdc_device.c.o
                0x00000000100070b8                cdcd_xfer_cb
 .text.vendord_init
                0x0000000010007268       0x5c CMakeFiles/autocar.dir/home/medx/Documentos/embeddedsystems/endproject/pico-sdk/lib/tinyusb/src/class/vendor/vendor_device.c.o
                0x0000000010007268                vendord_init
 .text.vendord_deinit
                0x00000000100072c4       0x1c CMakeFiles/autocar.dir/home/medx/Documentos/embeddedsystems/endproject/pico-sdk/lib/tinyusb/src/class/vendor/vendor_device.c.o
                0x00000000100072c4                vendord_deinit
 .text.vendord_reset
                0x00000000100072e0       0x28 CMakeFiles/autocar.dir/home/medx/Documentos/embeddedsystems/endproject/pico-sdk/lib/tinyusb/src/class/vendor/vendor_device.c.o
                0x00000000100072e0                vendord_reset
 .text.vendord_open
                0x0000000010007308      0x128 CMakeFiles/autocar.dir/home/medx/Documentos/embeddedsystems/endproject/pico-sdk/lib/tinyusb/src/class/vendor/vendor_device.c.o
                0x0000000010007308                vendord_open
 .text.vendord_xfer_cb
                0x0000000010007430       0x9c CMakeFiles/autocar.dir/home/medx/Documentos/embeddedsystems/endproject/pico-sdk/lib/tinyusb/src/class/vendor/vendor_device.c.o
                0x0000000010007430                vendord_xfer_cb
 .text.tusb_rhport_init
                0x00000000100074cc       0x48 CMakeFiles/autocar.dir/home/medx/Documentos/embeddedsystems/endproject/pico-sdk/lib/tinyusb/src/tusb.c.o
                0x00000000100074cc                tusb_rhport_init
 .text.tu_edpt_claim
                0x0000000010007514       0x50 CMakeFiles/autocar.dir/home/medx/Documentos/embeddedsystems/endproject/pico-sdk/lib/tinyusb/src/tusb.c.o
                0x0000000010007514                tu_edpt_claim
 .text.tu_edpt_release
                0x0000000010007564       0x38 CMakeFiles/autocar.dir/home/medx/Documentos/embeddedsystems/endproject/pico-sdk/lib/tinyusb/src/tusb.c.o
                0x0000000010007564                tu_edpt_release
 .text.tu_edpt_validate
                0x000000001000759c       0x78 CMakeFiles/autocar.dir/home/medx/Documentos/embeddedsystems/endproject/pico-sdk/lib/tinyusb/src/tusb.c.o
                0x000000001000759c                tu_edpt_validate
 .text.tu_edpt_bind_driver
                0x0000000010007614       0x34 CMakeFiles/autocar.dir/home/medx/Documentos/embeddedsystems/endproject/pico-sdk/lib/tinyusb/src/tusb.c.o
                0x0000000010007614                tu_edpt_bind_driver
 .text.tu_edpt_stream_init
                0x0000000010007648       0x6c CMakeFiles/autocar.dir/home/medx/Documentos/embeddedsystems/endproject/pico-sdk/lib/tinyusb/src/tusb.c.o
                0x0000000010007648                tu_edpt_stream_init
 .text.tu_edpt_stream_deinit
                0x00000000100076b4        0x4 CMakeFiles/autocar.dir/home/medx/Documentos/embeddedsystems/endproject/pico-sdk/lib/tinyusb/src/tusb.c.o
                0x00000000100076b4                tu_edpt_stream_deinit
 .text.tu_edpt_stream_write_zlp_if_needed
                0x00000000100076b8       0x58 CMakeFiles/autocar.dir/home/medx/Documentos/embeddedsystems/endproject/pico-sdk/lib/tinyusb/src/tusb.c.o
                0x00000000100076b8                tu_edpt_stream_write_zlp_if_needed
 .text.tu_edpt_stream_write_xfer
                0x0000000010007710       0x64 CMakeFiles/autocar.dir/home/medx/Documentos/embeddedsystems/endproject/pico-sdk/lib/tinyusb/src/tusb.c.o
                0x0000000010007710                tu_edpt_stream_write_xfer
 .text.tu_edpt_stream_read_xfer
                0x0000000010007774       0xdc CMakeFiles/autocar.dir/home/medx/Documentos/embeddedsystems/endproject/pico-sdk/lib/tinyusb/src/tusb.c.o
                0x0000000010007774                tu_edpt_stream_read_xfer
 .text.tu_fifo_config
                0x0000000010007850       0x70 CMakeFiles/autocar.dir/home/medx/Documentos/embeddedsystems/endproject/pico-sdk/lib/tinyusb/src/common/tusb_fifo.c.o
                0x0000000010007850                tu_fifo_config
 .text.tu_fifo_count
                0x00000000100078c0       0x2c CMakeFiles/autocar.dir/home/medx/Documentos/embeddedsystems/endproject/pico-sdk/lib/tinyusb/src/common/tusb_fifo.c.o
                0x00000000100078c0                tu_fifo_count
 .text.tu_fifo_empty
                0x00000000100078ec       0x10 CMakeFiles/autocar.dir/home/medx/Documentos/embeddedsystems/endproject/pico-sdk/lib/tinyusb/src/common/tusb_fifo.c.o
                0x00000000100078ec                tu_fifo_empty
 .text.tu_fifo_remaining
                0x00000000100078fc       0x2c CMakeFiles/autocar.dir/home/medx/Documentos/embeddedsystems/endproject/pico-sdk/lib/tinyusb/src/common/tusb_fifo.c.o
                0x00000000100078fc                tu_fifo_remaining
 .text.tu_fifo_read
                0x0000000010007928       0x9c CMakeFiles/autocar.dir/home/medx/Documentos/embeddedsystems/endproject/pico-sdk/lib/tinyusb/src/common/tusb_fifo.c.o
                0x0000000010007928                tu_fifo_read
 .text.tu_fifo_read_n
                0x00000000100079c4       0xf0 CMakeFiles/autocar.dir/home/medx/Documentos/embeddedsystems/endproject/pico-sdk/lib/tinyusb/src/common/tusb_fifo.c.o
                0x00000000100079c4                tu_fifo_read_n
 .text.tu_fifo_write
                0x0000000010007ab4       0x88 CMakeFiles/autocar.dir/home/medx/Documentos/embeddedsystems/endproject/pico-sdk/lib/tinyusb/src/common/tusb_fifo.c.o
                0x0000000010007ab4                tu_fifo_write
 .text.tu_fifo_write_n
                0x0000000010007b3c      0x158 CMakeFiles/autocar.dir/home/medx/Documentos/embeddedsystems/endproject/pico-sdk/lib/tinyusb/src/common/tusb_fifo.c.o
                0x0000000010007b3c                tu_fifo_write_n
 .text.tu_fifo_clear
                0x0000000010007c94       0x40 CMakeFiles/autocar.dir/home/medx/Documentos/embeddedsystems/endproject/pico-sdk/lib/tinyusb/src/common/tusb_fifo.c.o
                0x0000000010007c94                tu_fifo_clear
 .text.tu_fifo_set_overwritable
                0x0000000010007cd4       0x48 CMakeFiles/autocar.dir/home/medx/Documentos/embeddedsystems/endproject/pico-sdk/lib/tinyusb/src/common/tusb_fifo.c.o
                0x0000000010007cd4                tu_fifo_set_overwritable
 .text.pvPortMalloc
                0x0000000010007d1c      0x114 CMakeFiles/autocar.dir/home/medx/Documentos/embeddedsystems/endproject/FreeRTOS-Kernel/portable/MemMang/heap_4.c.o
                0x0000000010007d1c                pvPortMalloc
 .text.vPortFree
                0x0000000010007e30       0x8c CMakeFiles/autocar.dir/home/medx/Documentos/embeddedsystems/endproject/FreeRTOS-Kernel/portable/MemMang/heap_4.c.o
                0x0000000010007e30                vPortFree
 *fill*         0x0000000010007ebc        0x4 
 .text.vPortStartFirstTask
                0x0000000010007ec0       0x38 CMakeFiles/autocar.dir/home/medx/Documentos/embeddedsystems/endproject/FreeRTOS-Kernel/portable/ThirdParty/GCC/RP2040/port.c.o
 .text.prvFIFOInterruptHandler
                0x0000000010007ef8       0x2c CMakeFiles/autocar.dir/home/medx/Documentos/embeddedsystems/endproject/FreeRTOS-Kernel/portable/ThirdParty/GCC/RP2040/port.c.o
 *fill*         0x0000000010007f24        0xc 
 .text.xPortPendSVHandler
                0x0000000010007f30       0x78 CMakeFiles/autocar.dir/home/medx/Documentos/embeddedsystems/endproject/FreeRTOS-Kernel/portable/ThirdParty/GCC/RP2040/port.c.o
                0x0000000010007f30                xPortPendSVHandler
 .text.prvTaskExitError
                0x0000000010007fa8        0x8 CMakeFiles/autocar.dir/home/medx/Documentos/embeddedsystems/endproject/FreeRTOS-Kernel/portable/ThirdParty/GCC/RP2040/port.c.o
 .text.xPortSysTickHandler
                0x0000000010007fb0       0x24 CMakeFiles/autocar.dir/home/medx/Documentos/embeddedsystems/endproject/FreeRTOS-Kernel/portable/ThirdParty/GCC/RP2040/port.c.o
                0x0000000010007fb0                xPortSysTickHandler
 .text.vPortSVCHandler
                0x0000000010007fd4        0x4 CMakeFiles/autocar.dir/home/medx/Documentos/embeddedsystems/endproject/FreeRTOS-Kernel/portable/ThirdParty/GCC/RP2040/port.c.o
                0x0000000010007fd4                vPortSVCHandler
 .text.pxPortInitialiseStack
                0x0000000010007fd8       0x20 CMakeFiles/autocar.dir/home/medx/Documentos/embeddedsystems/endproject/FreeRTOS-Kernel/portable/ThirdParty/GCC/RP2040/port.c.o
                0x0000000010007fd8                pxPortInitialiseStack
 .text.vPortYield
                0x0000000010007ff8       0x18 CMakeFiles/autocar.dir/home/medx/Documentos/embeddedsystems/endproject/FreeRTOS-Kernel/portable/ThirdParty/GCC/RP2040/port.c.o
                0x0000000010007ff8                vPortYield
 .text.ulSetInterruptMaskFromISR
                0x0000000010008010        0x8 CMakeFiles/autocar.dir/home/medx/Documentos/embeddedsystems/endproject/FreeRTOS-Kernel/portable/ThirdParty/GCC/RP2040/port.c.o
                0x0000000010008010                ulSetInterruptMaskFromISR
 .text.vClearInterruptMaskFromISR
                0x0000000010008018        0x8 CMakeFiles/autocar.dir/home/medx/Documentos/embeddedsystems/endproject/FreeRTOS-Kernel/portable/ThirdParty/GCC/RP2040/port.c.o
                0x0000000010008018                vClearInterruptMaskFromISR
 .text.vYieldCore
                0x0000000010008020        0xc CMakeFiles/autocar.dir/home/medx/Documentos/embeddedsystems/endproject/FreeRTOS-Kernel/portable/ThirdParty/GCC/RP2040/port.c.o
                0x0000000010008020                vYieldCore
 .text.vPortSetupTimerInterrupt
                0x000000001000802c       0x34 CMakeFiles/autocar.dir/home/medx/Documentos/embeddedsystems/endproject/FreeRTOS-Kernel/portable/ThirdParty/GCC/RP2040/port.c.o
                0x000000001000802c                vPortSetupTimerInterrupt
 .text.xPortStartSchedulerOnCore
                0x0000000010008060       0xa4 CMakeFiles/autocar.dir/home/medx/Documentos/embeddedsystems/endproject/FreeRTOS-Kernel/portable/ThirdParty/GCC/RP2040/port.c.o
 .text.xPortStartScheduler
                0x0000000010008104       0x2c CMakeFiles/autocar.dir/home/medx/Documentos/embeddedsystems/endproject/FreeRTOS-Kernel/portable/ThirdParty/GCC/RP2040/port.c.o
                0x0000000010008104                xPortStartScheduler
 .text.prvDisableInterruptsAndPortStartSchedulerOnCore
                0x0000000010008130        0x8 CMakeFiles/autocar.dir/home/medx/Documentos/embeddedsystems/endproject/FreeRTOS-Kernel/portable/ThirdParty/GCC/RP2040/port.c.o
 .text.ulPortLockGetCurrentOwnerId
                0x0000000010008138       0x30 CMakeFiles/autocar.dir/home/medx/Documentos/embeddedsystems/endproject/FreeRTOS-Kernel/portable/ThirdParty/GCC/RP2040/port.c.o
                0x0000000010008138                ulPortLockGetCurrentOwnerId
 .text.vPortLockInternalSpinUnlockWithWait
                0x0000000010008168       0x68 CMakeFiles/autocar.dir/home/medx/Documentos/embeddedsystems/endproject/FreeRTOS-Kernel/portable/ThirdParty/GCC/RP2040/port.c.o
                0x0000000010008168                vPortLockInternalSpinUnlockWithWait
 .text.vPortLockInternalSpinUnlockWithNotify
                0x00000000100081d0       0x88 CMakeFiles/autocar.dir/home/medx/Documentos/embeddedsystems/endproject/FreeRTOS-Kernel/portable/ThirdParty/GCC/RP2040/port.c.o
                0x00000000100081d0                vPortLockInternalSpinUnlockWithNotify
 .text.xPortLockInternalSpinUnlockWithBestEffortWaitOrTimeout
                0x0000000010008258       0xe4 CMakeFiles/autocar.dir/home/medx/Documentos/embeddedsystems/endproject/FreeRTOS-Kernel/portable/ThirdParty/GCC/RP2040/port.c.o
                0x0000000010008258                xPortLockInternalSpinUnlockWithBestEffortWaitOrTimeout
 .text.startup.prvRuntimeInitializer
                0x000000001000833c       0x10 CMakeFiles/autocar.dir/home/medx/Documentos/embeddedsystems/endproject/FreeRTOS-Kernel/portable/ThirdParty/GCC/RP2040/port.c.o
 .text.vEventGroupSetBitsCallback
                0x000000001000834c       0x8c CMakeFiles/autocar.dir/home/medx/Documentos/embeddedsystems/endproject/FreeRTOS-Kernel/event_groups.c.o
                0x000000001000834c                vEventGroupSetBitsCallback
 .text.xEventGroupCreate
                0x00000000100083d8       0x18 CMakeFiles/autocar.dir/home/medx/Documentos/embeddedsystems/endproject/FreeRTOS-Kernel/event_groups.c.o
                0x00000000100083d8                xEventGroupCreate
 .text.xEventGroupWaitBits
                0x00000000100083f0       0xb8 CMakeFiles/autocar.dir/home/medx/Documentos/embeddedsystems/endproject/FreeRTOS-Kernel/event_groups.c.o
                0x00000000100083f0                xEventGroupWaitBits
 .text.xEventGroupSetBits
                0x00000000100084a8       0x90 CMakeFiles/autocar.dir/home/medx/Documentos/embeddedsystems/endproject/FreeRTOS-Kernel/event_groups.c.o
                0x00000000100084a8                xEventGroupSetBits
 .text.xEventGroupSetBitsFromISR
                0x0000000010008538       0x14 CMakeFiles/autocar.dir/home/medx/Documentos/embeddedsystems/endproject/FreeRTOS-Kernel/event_groups.c.o
                0x0000000010008538                xEventGroupSetBitsFromISR
 .text.vListInitialise
                0x000000001000854c       0x18 CMakeFiles/autocar.dir/home/medx/Documentos/embeddedsystems/endproject/FreeRTOS-Kernel/list.c.o
                0x000000001000854c                vListInitialise
 .text.vListInitialiseItem
                0x0000000010008564        0x8 CMakeFiles/autocar.dir/home/medx/Documentos/embeddedsystems/endproject/FreeRTOS-Kernel/list.c.o
                0x0000000010008564                vListInitialiseItem
 .text.vListInsertEnd
                0x000000001000856c       0x18 CMakeFiles/autocar.dir/home/medx/Documentos/embeddedsystems/endproject/FreeRTOS-Kernel/list.c.o
                0x000000001000856c                vListInsertEnd
 .text.vListInsert
                0x0000000010008584       0x30 CMakeFiles/autocar.dir/home/medx/Documentos/embeddedsystems/endproject/FreeRTOS-Kernel/list.c.o
                0x0000000010008584                vListInsert
 .text.uxListRemove
                0x00000000100085b4       0x20 CMakeFiles/autocar.dir/home/medx/Documentos/embeddedsystems/endproject/FreeRTOS-Kernel/list.c.o
                0x00000000100085b4                uxListRemove
 .text.prvUnlockQueue
                0x00000000100085d4      0x148 CMakeFiles/autocar.dir/home/medx/Documentos/embeddedsystems/endproject/FreeRTOS-Kernel/queue.c.o
 .text.prvNotifyQueueSetContainer
                0x000000001000871c       0x9c CMakeFiles/autocar.dir/home/medx/Documentos/embeddedsystems/endproject/FreeRTOS-Kernel/queue.c.o
 .text.xQueueGenericCreate
                0x00000000100087b8       0xa0 CMakeFiles/autocar.dir/home/medx/Documentos/embeddedsystems/endproject/FreeRTOS-Kernel/queue.c.o
                0x00000000100087b8                xQueueGenericCreate
 .text.xQueueGenericSend
                0x0000000010008858      0x1cc CMakeFiles/autocar.dir/home/medx/Documentos/embeddedsystems/endproject/FreeRTOS-Kernel/queue.c.o
                0x0000000010008858                xQueueGenericSend
 .text.xQueueCreateMutex
                0x0000000010008a24       0x6c CMakeFiles/autocar.dir/home/medx/Documentos/embeddedsystems/endproject/FreeRTOS-Kernel/queue.c.o
                0x0000000010008a24                xQueueCreateMutex
 .text.xQueueGenericSendFromISR
                0x0000000010008a90      0x134 CMakeFiles/autocar.dir/home/medx/Documentos/embeddedsystems/endproject/FreeRTOS-Kernel/queue.c.o
                0x0000000010008a90                xQueueGenericSendFromISR
 .text.xQueueReceive
                0x0000000010008bc4      0x124 CMakeFiles/autocar.dir/home/medx/Documentos/embeddedsystems/endproject/FreeRTOS-Kernel/queue.c.o
                0x0000000010008bc4                xQueueReceive
 .text.xQueueSemaphoreTake
                0x0000000010008ce8      0x150 CMakeFiles/autocar.dir/home/medx/Documentos/embeddedsystems/endproject/FreeRTOS-Kernel/queue.c.o
                0x0000000010008ce8                xQueueSemaphoreTake
 .text.vQueueAddToRegistry
                0x0000000010008e38       0xec CMakeFiles/autocar.dir/home/medx/Documentos/embeddedsystems/endproject/FreeRTOS-Kernel/queue.c.o
                0x0000000010008e38                vQueueAddToRegistry
 .text.vQueueWaitForMessageRestricted
                0x0000000010008f24       0x48 CMakeFiles/autocar.dir/home/medx/Documentos/embeddedsystems/endproject/FreeRTOS-Kernel/queue.c.o
                0x0000000010008f24                vQueueWaitForMessageRestricted
 .text.prvPassiveIdleTask
                0x0000000010008f6c       0x20 CMakeFiles/autocar.dir/home/medx/Documentos/embeddedsystems/endproject/FreeRTOS-Kernel/tasks.c.o
 .text.prvYieldForTask
                0x0000000010008f8c       0xc0 CMakeFiles/autocar.dir/home/medx/Documentos/embeddedsystems/endproject/FreeRTOS-Kernel/tasks.c.o
 .text.prvAddCurrentTaskToDelayedList
                0x000000001000904c      0x144 CMakeFiles/autocar.dir/home/medx/Documentos/embeddedsystems/endproject/FreeRTOS-Kernel/tasks.c.o
 .text.prvCheckForRunStateChange
                0x0000000010009190      0x148 CMakeFiles/autocar.dir/home/medx/Documentos/embeddedsystems/endproject/FreeRTOS-Kernel/tasks.c.o
 .text.xTaskIncrementTick.part.0
                0x00000000100092d8      0x1f0 CMakeFiles/autocar.dir/home/medx/Documentos/embeddedsystems/endproject/FreeRTOS-Kernel/tasks.c.o
 .text.vTaskSuspendAll.part.0
                0x00000000100094c8       0xbc CMakeFiles/autocar.dir/home/medx/Documentos/embeddedsystems/endproject/FreeRTOS-Kernel/tasks.c.o
 .text.vTaskSuspendAll
                0x0000000010009584       0xc8 CMakeFiles/autocar.dir/home/medx/Documentos/embeddedsystems/endproject/FreeRTOS-Kernel/tasks.c.o
                0x0000000010009584                vTaskSuspendAll
 .text.xTaskGetTickCount
                0x000000001000964c        0xc CMakeFiles/autocar.dir/home/medx/Documentos/embeddedsystems/endproject/FreeRTOS-Kernel/tasks.c.o
                0x000000001000964c                xTaskGetTickCount
 .text.uxTaskGetNumberOfTasks
                0x0000000010009658        0xc CMakeFiles/autocar.dir/home/medx/Documentos/embeddedsystems/endproject/FreeRTOS-Kernel/tasks.c.o
                0x0000000010009658                uxTaskGetNumberOfTasks
 .text.xTaskIncrementTick
                0x0000000010009664       0x24 CMakeFiles/autocar.dir/home/medx/Documentos/embeddedsystems/endproject/FreeRTOS-Kernel/tasks.c.o
                0x0000000010009664                xTaskIncrementTick
 .text.vTaskSwitchContext
                0x0000000010009688      0x2f4 CMakeFiles/autocar.dir/home/medx/Documentos/embeddedsystems/endproject/FreeRTOS-Kernel/tasks.c.o
                0x0000000010009688                vTaskSwitchContext
 .text.vTaskPlaceOnEventList
                0x000000001000997c      0x148 CMakeFiles/autocar.dir/home/medx/Documentos/embeddedsystems/endproject/FreeRTOS-Kernel/tasks.c.o
                0x000000001000997c                vTaskPlaceOnEventList
 .text.vTaskPlaceOnUnorderedEventList
                0x0000000010009ac4       0x9c CMakeFiles/autocar.dir/home/medx/Documentos/embeddedsystems/endproject/FreeRTOS-Kernel/tasks.c.o
                0x0000000010009ac4                vTaskPlaceOnUnorderedEventList
 .text.vTaskPlaceOnEventListRestricted
                0x0000000010009b60       0x8c CMakeFiles/autocar.dir/home/medx/Documentos/embeddedsystems/endproject/FreeRTOS-Kernel/tasks.c.o
                0x0000000010009b60                vTaskPlaceOnEventListRestricted
 .text.xTaskRemoveFromEventList
                0x0000000010009bec       0xd4 CMakeFiles/autocar.dir/home/medx/Documentos/embeddedsystems/endproject/FreeRTOS-Kernel/tasks.c.o
                0x0000000010009bec                xTaskRemoveFromEventList
 .text.vTaskInternalSetTimeOutState
                0x0000000010009cc0       0x18 CMakeFiles/autocar.dir/home/medx/Documentos/embeddedsystems/endproject/FreeRTOS-Kernel/tasks.c.o
                0x0000000010009cc0                vTaskInternalSetTimeOutState
 .text.xTaskCheckForTimeOut
                0x0000000010009cd8      0x204 CMakeFiles/autocar.dir/home/medx/Documentos/embeddedsystems/endproject/FreeRTOS-Kernel/tasks.c.o
                0x0000000010009cd8                xTaskCheckForTimeOut
 .text.vTaskMissedYield
                0x0000000010009edc       0x14 CMakeFiles/autocar.dir/home/medx/Documentos/embeddedsystems/endproject/FreeRTOS-Kernel/tasks.c.o
                0x0000000010009edc                vTaskMissedYield
 .text.xTaskGetCurrentTaskHandle
                0x0000000010009ef0       0x1c CMakeFiles/autocar.dir/home/medx/Documentos/embeddedsystems/endproject/FreeRTOS-Kernel/tasks.c.o
                0x0000000010009ef0                xTaskGetCurrentTaskHandle
 .text.xTaskPriorityInherit
                0x0000000010009f0c      0x100 CMakeFiles/autocar.dir/home/medx/Documentos/embeddedsystems/endproject/FreeRTOS-Kernel/tasks.c.o
                0x0000000010009f0c                xTaskPriorityInherit
 .text.xTaskPriorityDisinherit
                0x000000001000a00c       0xb4 CMakeFiles/autocar.dir/home/medx/Documentos/embeddedsystems/endproject/FreeRTOS-Kernel/tasks.c.o
                0x000000001000a00c                xTaskPriorityDisinherit
 .text.vTaskPriorityDisinheritAfterTimeout
                0x000000001000a0c0       0xcc CMakeFiles/autocar.dir/home/medx/Documentos/embeddedsystems/endproject/FreeRTOS-Kernel/tasks.c.o
                0x000000001000a0c0                vTaskPriorityDisinheritAfterTimeout
 .text.vTaskYieldWithinAPI
                0x000000001000a18c       0x34 CMakeFiles/autocar.dir/home/medx/Documentos/embeddedsystems/endproject/FreeRTOS-Kernel/tasks.c.o
                0x000000001000a18c                vTaskYieldWithinAPI
 .text.vTaskEnterCritical
                0x000000001000a1c0       0xc0 CMakeFiles/autocar.dir/home/medx/Documentos/embeddedsystems/endproject/FreeRTOS-Kernel/tasks.c.o
                0x000000001000a1c0                vTaskEnterCritical
 .text.vTaskEnterCriticalFromISR
                0x000000001000a280       0x78 CMakeFiles/autocar.dir/home/medx/Documentos/embeddedsystems/endproject/FreeRTOS-Kernel/tasks.c.o
                0x000000001000a280                vTaskEnterCriticalFromISR
 .text.vTaskExitCritical
                0x000000001000a2f8       0x90 CMakeFiles/autocar.dir/home/medx/Documentos/embeddedsystems/endproject/FreeRTOS-Kernel/tasks.c.o
                0x000000001000a2f8                vTaskExitCritical
 .text.prvAddNewTaskToReadyList
                0x000000001000a388       0xf0 CMakeFiles/autocar.dir/home/medx/Documentos/embeddedsystems/endproject/FreeRTOS-Kernel/tasks.c.o
 .text.xTaskCreate
                0x000000001000a478      0x194 CMakeFiles/autocar.dir/home/medx/Documentos/embeddedsystems/endproject/FreeRTOS-Kernel/tasks.c.o
                0x000000001000a478                xTaskCreate
 .text.xTaskCreateAffinitySet
                0x000000001000a60c      0x194 CMakeFiles/autocar.dir/home/medx/Documentos/embeddedsystems/endproject/FreeRTOS-Kernel/tasks.c.o
                0x000000001000a60c                xTaskCreateAffinitySet
 .text.vTaskStartScheduler
                0x000000001000a7a0      0x15c CMakeFiles/autocar.dir/home/medx/Documentos/embeddedsystems/endproject/FreeRTOS-Kernel/tasks.c.o
                0x000000001000a7a0                vTaskStartScheduler
 .text.vTaskDelete
                0x000000001000a8fc      0x140 CMakeFiles/autocar.dir/home/medx/Documentos/embeddedsystems/endproject/FreeRTOS-Kernel/tasks.c.o
                0x000000001000a8fc                vTaskDelete
 .text.xTaskResumeAll.part.0
                0x000000001000aa3c      0x184 CMakeFiles/autocar.dir/home/medx/Documentos/embeddedsystems/endproject/FreeRTOS-Kernel/tasks.c.o
 .text.xTaskResumeAll
                0x000000001000abc0       0x18 CMakeFiles/autocar.dir/home/medx/Documentos/embeddedsystems/endproject/FreeRTOS-Kernel/tasks.c.o
                0x000000001000abc0                xTaskResumeAll
 .text.xTaskDelayUntil
                0x000000001000abd8       0x8c CMakeFiles/autocar.dir/home/medx/Documentos/embeddedsystems/endproject/FreeRTOS-Kernel/tasks.c.o
                0x000000001000abd8                xTaskDelayUntil
 .text.vTaskDelay
                0x000000001000ac64       0x70 CMakeFiles/autocar.dir/home/medx/Documentos/embeddedsystems/endproject/FreeRTOS-Kernel/tasks.c.o
                0x000000001000ac64                vTaskDelay
 .text.vTaskRemoveFromUnorderedEventList
                0x000000001000acd4       0x90 CMakeFiles/autocar.dir/home/medx/Documentos/embeddedsystems/endproject/FreeRTOS-Kernel/tasks.c.o
                0x000000001000acd4                vTaskRemoveFromUnorderedEventList
 .text.prvIdleTask
                0x000000001000ad64      0x158 CMakeFiles/autocar.dir/home/medx/Documentos/embeddedsystems/endproject/FreeRTOS-Kernel/tasks.c.o
 .text.vTaskExitCriticalFromISR
                0x000000001000aebc       0x5c CMakeFiles/autocar.dir/home/medx/Documentos/embeddedsystems/endproject/FreeRTOS-Kernel/tasks.c.o
                0x000000001000aebc                vTaskExitCriticalFromISR
 .text.uxTaskResetEventItemValue
                0x000000001000af18       0x48 CMakeFiles/autocar.dir/home/medx/Documentos/embeddedsystems/endproject/FreeRTOS-Kernel/tasks.c.o
                0x000000001000af18                uxTaskResetEventItemValue
 .text.pvTaskIncrementMutexHeldCount
                0x000000001000af60       0x28 CMakeFiles/autocar.dir/home/medx/Documentos/embeddedsystems/endproject/FreeRTOS-Kernel/tasks.c.o
                0x000000001000af60                pvTaskIncrementMutexHeldCount
 .text.prvTimerTask
                0x000000001000af88      0x370 CMakeFiles/autocar.dir/home/medx/Documentos/embeddedsystems/endproject/FreeRTOS-Kernel/timers.c.o
 .text.xTimerCreateTimerTask
                0x000000001000b2f8       0x90 CMakeFiles/autocar.dir/home/medx/Documentos/embeddedsystems/endproject/FreeRTOS-Kernel/timers.c.o
                0x000000001000b2f8                xTimerCreateTimerTask
 .text.xTimerPendFunctionCallFromISR
                0x000000001000b388       0x28 CMakeFiles/autocar.dir/home/medx/Documentos/embeddedsystems/endproject/FreeRTOS-Kernel/timers.c.o
                0x000000001000b388                xTimerPendFunctionCallFromISR
 .text.exception_set_exclusive_handler
                0x000000001000b3b0       0x48 CMakeFiles/autocar.dir/home/medx/Documentos/embeddedsystems/endproject/pico-sdk/src/rp2_common/hardware_exception/exception.c.o
                0x000000001000b3b0                exception_set_exclusive_handler
 .text.core1_trampoline
                0x000000001000b3f8        0x4 CMakeFiles/autocar.dir/home/medx/Documentos/embeddedsystems/endproject/pico-sdk/src/rp2_common/pico_multicore/multicore.c.o
 .text.core1_wrapper
                0x000000001000b3fc        0xc CMakeFiles/autocar.dir/home/medx/Documentos/embeddedsystems/endproject/pico-sdk/src/rp2_common/pico_multicore/multicore.c.o
                0x000000001000b3fc                core1_wrapper
 .text.multicore_reset_core1
                0x000000001000b408       0x60 CMakeFiles/autocar.dir/home/medx/Documentos/embeddedsystems/endproject/pico-sdk/src/rp2_common/pico_multicore/multicore.c.o
                0x000000001000b408                multicore_reset_core1
 .text.multicore_launch_core1_raw
                0x000000001000b468       0x84 CMakeFiles/autocar.dir/home/medx/Documentos/embeddedsystems/endproject/pico-sdk/src/rp2_common/pico_multicore/multicore.c.o
                0x000000001000b468                multicore_launch_core1_raw
 .text.multicore_launch_core1
                0x000000001000b4ec       0x4c CMakeFiles/autocar.dir/home/medx/Documentos/embeddedsystems/endproject/pico-sdk/src/rp2_common/pico_multicore/multicore.c.o
                0x000000001000b4ec                multicore_launch_core1
 .text          0x000000001000b538       0x68 /usr/lib/gcc/arm-none-eabi/9.2.1/../../../arm-none-eabi/lib/thumb/v6-m/nofp/libg.a(lib_a-strlen-stub.o)
                0x000000001000b538                strlen
 *(.fini)
 .fini          0x000000001000b5a0        0x4 /usr/lib/gcc/arm-none-eabi/9.2.1/thumb/v6-m/nofp/crti.o
                0x000000001000b5a0                _fini
 *fill*         0x000000001000b5a4        0x4 
 .fini.__stub   0x000000001000b5a8       0xd0 linker stubs
 *crtbegin.o(.ctors)
 *crtbegin?.o(.ctors)
 *(EXCLUDE_FILE(*crtend.o *crtend?.o) .ctors)
 *(SORT_BY_NAME(.ctors.*))
 *(.ctors)
 *crtbegin.o(.dtors)
 *crtbegin?.o(.dtors)
 *(EXCLUDE_FILE(*crtend.o *crtend?.o) .dtors)
 *(SORT_BY_NAME(.dtors.*))
 *(.dtors)
                0x000000001000b678                . = ALIGN (0x4)
                0x000000001000b678                PROVIDE (__preinit_array_start = .)
 *(SORT_BY_NAME(.preinit_array.*))
 .preinit_array.00100
                0x000000001000b678        0x4 CMakeFiles/autocar.dir/home/medx/Documentos/embeddedsystems/endproject/pico-sdk/src/rp2_common/pico_runtime_init/runtime_init.c.o
                0x000000001000b678                __pre_init_runtime_init_early_resets
 .preinit_array.00101
                0x000000001000b67c        0x4 CMakeFiles/autocar.dir/home/medx/Documentos/embeddedsystems/endproject/pico-sdk/src/rp2_common/pico_runtime_init/runtime_init.c.o
                0x000000001000b67c                __pre_init_runtime_init_usb_power_down
 .preinit_array.00275
                0x000000001000b680        0x4 CMakeFiles/autocar.dir/home/medx/Documentos/embeddedsystems/endproject/pico-sdk/src/rp2_common/pico_bit_ops/bit_ops_aeabi.S.o
 .preinit_array.00300
                0x000000001000b684        0x4 CMakeFiles/autocar.dir/home/medx/Documentos/embeddedsystems/endproject/pico-sdk/src/rp2_common/pico_mem_ops/mem_ops_aeabi.S.o
 .preinit_array.00350
                0x000000001000b688        0x4 CMakeFiles/autocar.dir/home/medx/Documentos/embeddedsystems/endproject/pico-sdk/src/rp2_common/pico_double/double_aeabi_rp2040.S.o
 .preinit_array.00350
                0x000000001000b68c        0x4 CMakeFiles/autocar.dir/home/medx/Documentos/embeddedsystems/endproject/pico-sdk/src/rp2_common/pico_float/float_aeabi_rp2040.S.o
 .preinit_array.00500